\BOOKMARK [0][-]{chapter.1}{\376\377\0001\000\040\000S\000B\000C\000\040\000P\000r\000o\000j\000e\000c\000t}{}% 1
\BOOKMARK [0][-]{chapter.2}{\376\377\0002\000\040\000L\000E\000O\000T\000E\000S\000T\000\040\000M\000o\000d\000u\000l\000e\000\040\000a\000n\000d\000\040\000B\000a\000c\000k\000u\000p\000\040\000H\000i\000s\000t\000o\000r\000y}{}% 2
\BOOKMARK [1][-]{section.2.1}{\376\377\0002\000.\0001\000\040\0002\0000\0002\0005\000-\0000\0005\000-\0000\0007\000\040\000\050\000\040\000F\000i\000l\000e\000n\000a\000m\000e\000\040\000:\000\040\000L\000e\000o\000t\000e\000s\000t\000\137\0002\0000\0002\0005\0000\0005\0000\0007\000.\000t\000g\000z\000\040\000\051}{chapter.2}% 3
\BOOKMARK [1][-]{section.2.2}{\376\377\0002\000.\0002\000\040\0002\0000\0002\0005\000-\0000\0005\000-\0000\0009\000\040\000\050\000\040\000F\000i\000l\000e\000n\000a\000m\000e\000\040\000:\000\040\000L\000e\000o\000t\000e\000s\000t\000\137\0002\0000\0002\0005\0000\0005\0000\0009\000.\000t\000g\000z\000\040\000\051}{chapter.2}% 4
\BOOKMARK [1][-]{section.2.3}{\376\377\0002\000.\0003\000\040\0002\0000\0002\0005\000-\0000\0005\000-\0001\0002}{chapter.2}% 5
\BOOKMARK [0][-]{chapter.3}{\376\377\0003\000\040\000L\000E\000O\000T\000E\000S\000T\000\040\000M\000o\000d\000u\000l\000e\000\040\000a\000n\000d\000\040\000B\000a\000c\000k\000u\000p\000\040\000H\000i\000s\000t\000o\000r\000y}{}% 6
\BOOKMARK [1][-]{section.3.1}{\376\377\0003\000.\0001\000\040\0002\0000\0002\0005\000-\0000\0005\000-\0000\0007\000\040\000\050\000\040\000F\000i\000l\000e\000n\000a\000m\000e\000\040\000:\000\040\000L\000e\000o\000t\000e\000s\000t\000\137\0002\0000\0002\0005\0000\0005\0000\0007\000.\000t\000g\000z\000\040\000\051}{chapter.3}% 7
\BOOKMARK [1][-]{section.3.2}{\376\377\0003\000.\0002\000\040\0002\0000\0002\0005\000-\0000\0005\000-\0000\0009\000\040\000\050\000\040\000F\000i\000l\000e\000n\000a\000m\000e\000\040\000:\000\040\000L\000e\000o\000t\000e\000s\000t\000\137\0002\0000\0002\0005\0000\0005\0000\0009\000.\000t\000g\000z\000\040\000\051}{chapter.3}% 8
\BOOKMARK [1][-]{section.3.3}{\376\377\0003\000.\0003\000\040\0002\0000\0002\0005\000-\0000\0005\000-\0001\0002}{chapter.3}% 9
\BOOKMARK [0][-]{chapter.4}{\376\377\0004\000\040\000D\000e\000p\000r\000e\000c\000a\000t\000e\000d\000\040\000L\000i\000s\000t}{}% 10
\BOOKMARK [0][-]{chapter.5}{\376\377\0005\000\040\000T\000o\000p\000i\000c\000\040\000I\000n\000d\000e\000x}{}% 11
\BOOKMARK [1][-]{section.5.1}{\376\377\0005\000.\0001\000\040\000T\000o\000p\000i\000c\000s}{chapter.5}% 12
\BOOKMARK [0][-]{chapter.6}{\376\377\0006\000\040\000D\000a\000t\000a\000\040\000S\000t\000r\000u\000c\000t\000u\000r\000e\000\040\000I\000n\000d\000e\000x}{}% 13
\BOOKMARK [1][-]{section.6.1}{\376\377\0006\000.\0001\000\040\000D\000a\000t\000a\000\040\000S\000t\000r\000u\000c\000t\000u\000r\000e\000s}{chapter.6}% 14
\BOOKMARK [0][-]{chapter.7}{\376\377\0007\000\040\000F\000i\000l\000e\000\040\000I\000n\000d\000e\000x}{}% 15
\BOOKMARK [1][-]{section.7.1}{\376\377\0007\000.\0001\000\040\000F\000i\000l\000e\000\040\000L\000i\000s\000t}{chapter.7}% 16
\BOOKMARK [0][-]{chapter.8}{\376\377\0008\000\040\000T\000o\000p\000i\000c\000\040\000D\000o\000c\000u\000m\000e\000n\000t\000a\000t\000i\000o\000n}{}% 17
\BOOKMARK [1][-]{section.8.1}{\376\377\0008\000.\0001\000\040\000T\000h\000e\000\040\000C\000M\000o\000c\000k\000a\000\040\000A\000P\000I}{chapter.8}% 18
\BOOKMARK [2][-]{subsection.8.1.1}{\376\377\0008\000.\0001\000.\0001\000\040\000D\000e\000t\000a\000i\000l\000e\000d\000\040\000D\000e\000s\000c\000r\000i\000p\000t\000i\000o\000n}{section.8.1}% 19
\BOOKMARK [2][-]{subsection.8.1.2}{\376\377\0008\000.\0001\000.\0002\000\040\000F\000u\000n\000c\000t\000i\000o\000n\000\040\000D\000o\000c\000u\000m\000e\000n\000t\000a\000t\000i\000o\000n}{section.8.1}% 20
\BOOKMARK [3][-]{subsubsection.8.1.2.1}{\376\377\0008\000.\0001\000.\0002\000.\0001\000\040\000\137\000r\000u\000n\000\137\000t\000e\000s\000t\000\050\000\051}{subsection.8.1.2}% 21
\BOOKMARK [3][-]{subsubsection.8.1.2.2}{\376\377\0008\000.\0001\000.\0002\000.\0002\000\040\000c\000m\000o\000c\000k\000a\000\137\000s\000e\000t\000\137\000m\000e\000s\000s\000a\000g\000e\000\137\000o\000u\000t\000p\000u\000t\000\050\000\051}{subsection.8.1.2}% 22
\BOOKMARK [3][-]{subsubsection.8.1.2.3}{\376\377\0008\000.\0001\000.\0002\000.\0003\000\040\000c\000m\000o\000c\000k\000a\000\137\000s\000e\000t\000\137\000s\000k\000i\000p\000\137\000f\000i\000l\000t\000e\000r\000\050\000\051}{subsection.8.1.2}% 23
\BOOKMARK [3][-]{subsubsection.8.1.2.4}{\376\377\0008\000.\0001\000.\0002\000.\0004\000\040\000c\000m\000o\000c\000k\000a\000\137\000s\000e\000t\000\137\000t\000e\000s\000t\000\137\000f\000i\000l\000t\000e\000r\000\050\000\051}{subsection.8.1.2}% 24
\BOOKMARK [2][-]{subsection.8.1.3}{\376\377\0008\000.\0001\000.\0003\000\040\000M\000o\000c\000k\000\040\000O\000b\000j\000e\000c\000t\000s}{section.8.1}% 25
\BOOKMARK [3][-]{subsubsection.8.1.3.1}{\376\377\0008\000.\0001\000.\0003\000.\0001\000\040\000D\000e\000t\000a\000i\000l\000e\000d\000\040\000D\000e\000s\000c\000r\000i\000p\000t\000i\000o\000n}{subsection.8.1.3}% 26
\BOOKMARK [3][-]{subsubsection.8.1.3.2}{\376\377\0008\000.\0001\000.\0003\000.\0002\000\040\000M\000a\000c\000r\000o\000\040\000D\000e\000f\000i\000n\000i\000t\000i\000o\000n\000\040\000D\000o\000c\000u\000m\000e\000n\000t\000a\000t\000i\000o\000n}{subsection.8.1.3}% 27
\BOOKMARK [2][-]{subsection.8.1.4}{\376\377\0008\000.\0001\000.\0004\000\040\000C\000h\000e\000c\000k\000i\000n\000g\000\040\000P\000a\000r\000a\000m\000e\000t\000e\000r\000s}{section.8.1}% 28
\BOOKMARK [3][-]{subsubsection.8.1.4.1}{\376\377\0008\000.\0001\000.\0004\000.\0001\000\040\000D\000e\000t\000a\000i\000l\000e\000d\000\040\000D\000e\000s\000c\000r\000i\000p\000t\000i\000o\000n}{subsection.8.1.4}% 29
\BOOKMARK [3][-]{subsubsection.8.1.4.2}{\376\377\0008\000.\0001\000.\0004\000.\0002\000\040\000M\000a\000c\000r\000o\000\040\000D\000e\000f\000i\000n\000i\000t\000i\000o\000n\000\040\000D\000o\000c\000u\000m\000e\000n\000t\000a\000t\000i\000o\000n}{subsection.8.1.4}% 30
\BOOKMARK [2][-]{subsection.8.1.5}{\376\377\0008\000.\0001\000.\0005\000\040\000A\000s\000s\000e\000r\000t\000\040\000M\000a\000c\000r\000o\000s}{section.8.1}% 31
\BOOKMARK [3][-]{subsubsection.8.1.5.1}{\376\377\0008\000.\0001\000.\0005\000.\0001\000\040\000D\000e\000t\000a\000i\000l\000e\000d\000\040\000D\000e\000s\000c\000r\000i\000p\000t\000i\000o\000n}{subsection.8.1.5}% 32
\BOOKMARK [3][-]{subsubsection.8.1.5.2}{\376\377\0008\000.\0001\000.\0005\000.\0002\000\040\000M\000a\000c\000r\000o\000\040\000D\000e\000f\000i\000n\000i\000t\000i\000o\000n\000\040\000D\000o\000c\000u\000m\000e\000n\000t\000a\000t\000i\000o\000n}{subsection.8.1.5}% 33
\BOOKMARK [2][-]{subsection.8.1.6}{\376\377\0008\000.\0001\000.\0006\000\040\000C\000a\000l\000l\000\040\000O\000r\000d\000e\000r\000i\000n\000g}{section.8.1}% 34
\BOOKMARK [3][-]{subsubsection.8.1.6.1}{\376\377\0008\000.\0001\000.\0006\000.\0001\000\040\000D\000e\000t\000a\000i\000l\000e\000d\000\040\000D\000e\000s\000c\000r\000i\000p\000t\000i\000o\000n}{subsection.8.1.6}% 35
\BOOKMARK [2][-]{subsection.8.1.7}{\376\377\0008\000.\0001\000.\0007\000\040\000R\000u\000n\000n\000i\000n\000g\000\040\000T\000e\000s\000t\000s}{section.8.1}% 36
\BOOKMARK [3][-]{subsubsection.8.1.7.1}{\376\377\0008\000.\0001\000.\0007\000.\0001\000\040\000D\000e\000t\000a\000i\000l\000e\000d\000\040\000D\000e\000s\000c\000r\000i\000p\000t\000i\000o\000n}{subsection.8.1.7}% 37
\BOOKMARK [3][-]{subsubsection.8.1.7.2}{\376\377\0008\000.\0001\000.\0007\000.\0002\000\040\000M\000a\000c\000r\000o\000\040\000D\000e\000f\000i\000n\000i\000t\000i\000o\000n\000\040\000D\000o\000c\000u\000m\000e\000n\000t\000a\000t\000i\000o\000n}{subsection.8.1.7}% 38
\BOOKMARK [2][-]{subsection.8.1.8}{\376\377\0008\000.\0001\000.\0008\000\040\000D\000y\000n\000a\000m\000i\000c\000\040\000M\000e\000m\000o\000r\000y\000\040\000A\000l\000l\000o\000c\000a\000t\000i\000o\000n}{section.8.1}% 39
\BOOKMARK [3][-]{subsubsection.8.1.8.1}{\376\377\0008\000.\0001\000.\0008\000.\0001\000\040\000D\000e\000t\000a\000i\000l\000e\000d\000\040\000D\000e\000s\000c\000r\000i\000p\000t\000i\000o\000n}{subsection.8.1.8}% 40
\BOOKMARK [2][-]{subsection.8.1.9}{\376\377\0008\000.\0001\000.\0009\000\040\000S\000t\000a\000n\000d\000a\000r\000d\000\040\000A\000s\000s\000e\000r\000t\000i\000o\000n\000s}{section.8.1}% 41
\BOOKMARK [3][-]{subsubsection.8.1.9.1}{\376\377\0008\000.\0001\000.\0009\000.\0001\000\040\000D\000e\000t\000a\000i\000l\000e\000d\000\040\000D\000e\000s\000c\000r\000i\000p\000t\000i\000o\000n}{subsection.8.1.9}% 42
\BOOKMARK [3][-]{subsubsection.8.1.9.2}{\376\377\0008\000.\0001\000.\0009\000.\0002\000\040\000M\000a\000c\000r\000o\000\040\000D\000e\000f\000i\000n\000i\000t\000i\000o\000n\000\040\000D\000o\000c\000u\000m\000e\000n\000t\000a\000t\000i\000o\000n}{subsection.8.1.9}% 43
\BOOKMARK [3][-]{subsubsection.8.1.9.3}{\376\377\0008\000.\0001\000.\0009\000.\0003\000\040\000F\000u\000n\000c\000t\000i\000o\000n\000\040\000D\000o\000c\000u\000m\000e\000n\000t\000a\000t\000i\000o\000n}{subsection.8.1.9}% 44
\BOOKMARK [1][-]{section.8.2}{\376\377\0008\000.\0002\000\040\000D\000i\000g\000e\000s\000t\000S\000y\000s\000t\000e\000m}{chapter.8}% 45
\BOOKMARK [2][-]{subsection.8.2.1}{\376\377\0008\000.\0002\000.\0001\000\040\000D\000e\000t\000a\000i\000l\000e\000d\000\040\000D\000e\000s\000c\000r\000i\000p\000t\000i\000o\000n}{section.8.2}% 46
\BOOKMARK [2][-]{subsection.8.2.2}{\376\377\0008\000.\0002\000.\0002\000\040\000M\000a\000c\000r\000o\000\040\000D\000e\000f\000i\000n\000i\000t\000i\000o\000n\000\040\000D\000o\000c\000u\000m\000e\000n\000t\000a\000t\000i\000o\000n}{section.8.2}% 47
\BOOKMARK [3][-]{subsubsection.8.2.2.1}{\376\377\0008\000.\0002\000.\0002\000.\0001\000\040\000A\000T\000P\000\137\000I\000D\000E\000N\000T\000\137\000K\000E\000Y\000\137\000S\000T\000G}{subsection.8.2.2}% 48
\BOOKMARK [1][-]{section.8.3}{\376\377\0008\000.\0003\000\040\000I\000n\000\040\000t\000e\000r\000m\000s\000\040\000o\000f\000\040\000t\000h\000e\000\040\000B\000a\000s\000e\000\040\000A\000n\000s\000w\000e\000r\000\040\000b\000e\000h\000a\000v\000i\000o\000r}{chapter.8}% 49
\BOOKMARK [2][-]{subsection.8.3.1}{\376\377\0008\000.\0003\000.\0001\000\040\000D\000e\000t\000a\000i\000l\000e\000d\000\040\000D\000e\000s\000c\000r\000i\000p\000t\000i\000o\000n}{section.8.3}% 50
\BOOKMARK [2][-]{subsection.8.3.2}{\376\377\0008\000.\0003\000.\0002\000\040\000M\000a\000c\000r\000o\000\040\000D\000e\000f\000i\000n\000i\000t\000i\000o\000n\000\040\000D\000o\000c\000u\000m\000e\000n\000t\000a\000t\000i\000o\000n}{section.8.3}% 51
\BOOKMARK [3][-]{subsubsection.8.3.2.1}{\376\377\0008\000.\0003\000.\0002\000.\0001\000\040\000B\000A\000S\000E\000\137\000A\000N\000S\000\137\000B\000L\000K\000\137\000L\000B\000A\000\040\000[\0001\000/\0002\000]}{subsection.8.3.2}% 52
\BOOKMARK [3][-]{subsubsection.8.3.2.2}{\376\377\0008\000.\0003\000.\0002\000.\0002\000\040\000B\000A\000S\000E\000\137\000A\000N\000S\000\137\000B\000L\000K\000\137\000L\000B\000A\000\040\000[\0002\000/\0002\000]}{subsection.8.3.2}% 53
\BOOKMARK [3][-]{subsubsection.8.3.2.3}{\376\377\0008\000.\0003\000.\0002\000.\0003\000\040\000B\000A\000S\000E\000\137\000A\000N\000S\000\137\000B\000L\000K\000\137\000L\000E\000N\000\040\000[\0001\000/\0002\000]}{subsection.8.3.2}% 54
\BOOKMARK [3][-]{subsubsection.8.3.2.4}{\376\377\0008\000.\0003\000.\0002\000.\0004\000\040\000B\000A\000S\000E\000\137\000A\000N\000S\000\137\000B\000L\000K\000\137\000L\000E\000N\000\040\000[\0002\000/\0002\000]}{subsection.8.3.2}% 55
\BOOKMARK [3][-]{subsubsection.8.3.2.5}{\376\377\0008\000.\0003\000.\0002\000.\0005\000\040\000B\000A\000S\000E\000\137\000A\000N\000S\000\137\000I\000V\000\137\000K\000E\000Y\000\137\000S\000T\000R\000\040\000[\0001\000/\0002\000]}{subsection.8.3.2}% 56
\BOOKMARK [3][-]{subsubsection.8.3.2.6}{\376\377\0008\000.\0003\000.\0002\000.\0006\000\040\000B\000A\000S\000E\000\137\000A\000N\000S\000\137\000I\000V\000\137\000K\000E\000Y\000\137\000S\000T\000R\000\040\000[\0002\000/\0002\000]}{subsection.8.3.2}% 57
\BOOKMARK [3][-]{subsubsection.8.3.2.7}{\376\377\0008\000.\0003\000.\0002\000.\0007\000\040\000B\000A\000S\000E\000\137\000A\000N\000S\000\137\000K\000E\000Y\000\137\000S\000T\000R\000\040\000[\0001\000/\0002\000]}{subsection.8.3.2}% 58
\BOOKMARK [3][-]{subsubsection.8.3.2.8}{\376\377\0008\000.\0003\000.\0002\000.\0008\000\040\000B\000A\000S\000E\000\137\000A\000N\000S\000\137\000K\000E\000Y\000\137\000S\000T\000R\000\040\000[\0002\000/\0002\000]}{subsection.8.3.2}% 59
\BOOKMARK [3][-]{subsubsection.8.3.2.9}{\376\377\0008\000.\0003\000.\0002\000.\0009\000\040\000B\000A\000S\000E\000\137\000A\000N\000S\000\137\000M\000A\000X\000\137\000L\000E\000N\000\040\000[\0001\000/\0002\000]}{subsection.8.3.2}% 60
\BOOKMARK [3][-]{subsubsection.8.3.2.10}{\376\377\0008\000.\0003\000.\0002\000.\0001\0000\000\040\000B\000A\000S\000E\000\137\000A\000N\000S\000\137\000M\000A\000X\000\137\000L\000E\000N\000\040\000[\0002\000/\0002\000]}{subsection.8.3.2}% 61
\BOOKMARK [3][-]{subsubsection.8.3.2.11}{\376\377\0008\000.\0003\000.\0002\000.\0001\0001\000\040\000B\000A\000S\000E\000\137\000A\000N\000S\000\137\000S\000A\000T\000\137\000O\000F\000F\000S\000E\000T\000\040\000[\0001\000/\0002\000]}{subsection.8.3.2}% 62
\BOOKMARK [3][-]{subsubsection.8.3.2.12}{\376\377\0008\000.\0003\000.\0002\000.\0001\0002\000\040\000B\000A\000S\000E\000\137\000A\000N\000S\000\137\000S\000A\000T\000\137\000O\000F\000F\000S\000E\000T\000\040\000[\0002\000/\0002\000]}{subsection.8.3.2}% 63
\BOOKMARK [3][-]{subsubsection.8.3.2.13}{\376\377\0008\000.\0003\000.\0002\000.\0001\0003\000\040\000B\000A\000S\000E\000\137\000A\000N\000S\000\137\000S\000T\000R\000E\000A\000M\000\137\000L\000E\000N\000\040\000[\0001\000/\0002\000]}{subsection.8.3.2}% 64
\BOOKMARK [3][-]{subsubsection.8.3.2.14}{\376\377\0008\000.\0003\000.\0002\000.\0001\0004\000\040\000B\000A\000S\000E\000\137\000A\000N\000S\000\137\000S\000T\000R\000E\000A\000M\000\137\000L\000E\000N\000\040\000[\0002\000/\0002\000]}{subsection.8.3.2}% 65
\BOOKMARK [3][-]{subsubsection.8.3.2.15}{\376\377\0008\000.\0003\000.\0002\000.\0001\0005\000\040\000B\000A\000S\000E\000\137\000A\000N\000S\000\137\000T\000A\000G\000\137\000L\000E\000N\000\040\000[\0001\000/\0002\000]}{subsection.8.3.2}% 66
\BOOKMARK [3][-]{subsubsection.8.3.2.16}{\376\377\0008\000.\0003\000.\0002\000.\0001\0006\000\040\000B\000A\000S\000E\000\137\000A\000N\000S\000\137\000T\000A\000G\000\137\000L\000E\000N\000\040\000[\0002\000/\0002\000]}{subsection.8.3.2}% 67
\BOOKMARK [3][-]{subsubsection.8.3.2.17}{\376\377\0008\000.\0003\000.\0002\000.\0001\0007\000\040\000B\000A\000S\000E\000\137\000A\000N\000S\000W\000\137\000D\000E\000F\000L\000E\000N\000\040\000[\0001\000/\0002\000]}{subsection.8.3.2}% 68
\BOOKMARK [3][-]{subsubsection.8.3.2.18}{\376\377\0008\000.\0003\000.\0002\000.\0001\0008\000\040\000B\000A\000S\000E\000\137\000A\000N\000S\000W\000\137\000D\000E\000F\000L\000E\000N\000\040\000[\0002\000/\0002\000]}{subsection.8.3.2}% 69
\BOOKMARK [2][-]{subsection.8.3.3}{\376\377\0008\000.\0003\000.\0003\000\040\000F\000u\000n\000c\000t\000i\000o\000n\000\040\000D\000o\000c\000u\000m\000e\000n\000t\000a\000t\000i\000o\000n}{section.8.3}% 70
\BOOKMARK [3][-]{subsubsection.8.3.3.1}{\376\377\0008\000.\0003\000.\0003\000.\0001\000\040\000S\000B\000C\000\137\000A\000n\000t\000i\000T\000a\000m\000p\000e\000r\000D\000e\000i\000n\000i\000t\000\050\000\051}{subsection.8.3.3}% 71
\BOOKMARK [3][-]{subsubsection.8.3.3.2}{\376\377\0008\000.\0003\000.\0003\000.\0002\000\040\000S\000B\000C\000\137\000A\000n\000t\000i\000T\000a\000m\000p\000e\000r\000i\000n\000g\000I\000n\000i\000t\000\050\000\051}{subsection.8.3.3}% 72
\BOOKMARK [3][-]{subsubsection.8.3.3.3}{\376\377\0008\000.\0003\000.\0003\000.\0003\000\040\000S\000B\000C\000\137\000A\000n\000t\000i\000T\000a\000m\000p\000e\000r\000I\000n\000i\000t\000\050\000\051}{subsection.8.3.3}% 73
\BOOKMARK [3][-]{subsubsection.8.3.3.4}{\376\377\0008\000.\0003\000.\0003\000.\0004\000\040\000S\000B\000C\000\137\000B\000a\000s\000e\000A\000n\000s\000w\000e\000r\000E\000n\000c\000r\000y\000p\000t\000S\000t\000o\000r\000e\000\050\000\051}{subsection.8.3.3}% 74
\BOOKMARK [3][-]{subsubsection.8.3.3.5}{\376\377\0008\000.\0003\000.\0003\000.\0005\000\040\000S\000B\000C\000\137\000B\000a\000s\000e\000A\000n\000s\000w\000e\000r\000V\000a\000l\000i\000d\000a\000t\000e\000\050\000\051\000\040\000[\0001\000/\0002\000]}{subsection.8.3.3}% 75
\BOOKMARK [3][-]{subsubsection.8.3.3.6}{\376\377\0008\000.\0003\000.\0003\000.\0006\000\040\000S\000B\000C\000\137\000B\000a\000s\000e\000A\000n\000s\000w\000e\000r\000V\000a\000l\000i\000d\000a\000t\000e\000\050\000\051\000\040\000[\0002\000/\0002\000]}{subsection.8.3.3}% 76
\BOOKMARK [3][-]{subsubsection.8.3.3.7}{\376\377\0008\000.\0003\000.\0003\000.\0007\000\040\000S\000B\000C\000\137\000D\000e\000v\000i\000c\000e\000I\000d\000K\000y\000e\000V\000e\000r\000i\000f\000y\000\050\000\051}{subsection.8.3.3}% 77
\BOOKMARK [3][-]{subsubsection.8.3.3.8}{\376\377\0008\000.\0003\000.\0003\000.\0008\000\040\000S\000B\000C\000\137\000D\000e\000v\000i\000c\000e\000S\000e\000c\000u\000i\000r\000t\000y\000K\000e\000y\000C\000r\000e\000a\000t\000e\000\050\000\051}{subsection.8.3.3}% 78
\BOOKMARK [3][-]{subsubsection.8.3.3.9}{\376\377\0008\000.\0003\000.\0003\000.\0009\000\040\000S\000B\000C\000\137\000D\000i\000c\000e\000I\000D\000K\000e\000y\000V\000e\000r\000i\000f\000y\000\050\000\051}{subsection.8.3.3}% 79
\BOOKMARK [3][-]{subsubsection.8.3.3.10}{\376\377\0008\000.\0003\000.\0003\000.\0001\0000\000\040\000S\000B\000C\000\137\000F\000S\000B\000L\000\137\000V\000e\000r\000i\000f\000y\000\050\000\051}{subsection.8.3.3}% 80
\BOOKMARK [3][-]{subsubsection.8.3.3.11}{\376\377\0008\000.\0003\000.\0003\000.\0001\0001\000\040\000S\000B\000C\000\137\000F\000S\000B\000L\000I\000n\000t\000g\000C\000h\000e\000c\000k\000\050\000\051}{subsection.8.3.3}% 81
\BOOKMARK [3][-]{subsubsection.8.3.3.12}{\376\377\0008\000.\0003\000.\0003\000.\0001\0002\000\040\000S\000B\000C\000\137\000G\000e\000n\000D\000e\000v\000i\000c\000e\000I\000D\000\050\000\051}{subsection.8.3.3}% 82
\BOOKMARK [3][-]{subsubsection.8.3.3.13}{\376\377\0008\000.\0003\000.\0003\000.\0001\0003\000\040\000S\000B\000C\000\137\000G\000e\000n\000M\000i\000g\000r\000a\000t\000i\000o\000n\000K\000e\000y\000\050\000\051}{subsection.8.3.3}% 83
\BOOKMARK [3][-]{subsubsection.8.3.3.14}{\376\377\0008\000.\0003\000.\0003\000.\0001\0004\000\040\000S\000B\000C\000\137\000G\000e\000n\000O\000S\000I\000D\000\050\000\051}{subsection.8.3.3}% 84
\BOOKMARK [3][-]{subsubsection.8.3.3.15}{\376\377\0008\000.\0003\000.\0003\000.\0001\0005\000\040\000S\000B\000C\000\137\000S\000S\000B\000L\000\137\000V\000e\000r\000i\000f\000y\000\050\000\051}{subsection.8.3.3}% 85
\BOOKMARK [3][-]{subsubsection.8.3.3.16}{\376\377\0008\000.\0003\000.\0003\000.\0001\0006\000\040\000S\000B\000C\000\137\000V\000m\000l\000i\000n\000u\000z\000\137\000V\000e\000r\000i\000f\000y\000\050\000\051}{subsection.8.3.3}% 86
\BOOKMARK [2][-]{subsection.8.3.4}{\376\377\0008\000.\0003\000.\0004\000\040\000V\000a\000r\000i\000a\000b\000l\000e\000\040\000D\000o\000c\000u\000m\000e\000n\000t\000a\000t\000i\000o\000n}{section.8.3}% 87
\BOOKMARK [3][-]{subsubsection.8.3.4.1}{\376\377\0008\000.\0003\000.\0004\000.\0001\000\040\000b\000a\000n\000s\000w\000l\000e\000n\000\040\000[\0001\000/\0002\000]}{subsection.8.3.4}% 88
\BOOKMARK [3][-]{subsubsection.8.3.4.2}{\376\377\0008\000.\0003\000.\0004\000.\0002\000\040\000[\000]\000\040\000[\0002\000/\0002\000]}{subsection.8.3.4}% 89
\BOOKMARK [3][-]{subsubsection.8.3.4.3}{\376\377\0008\000.\0003\000.\0004\000.\0003\000\040\000b\000a\000s\000e\000a\000n\000s\000w}{subsection.8.3.4}% 90
\BOOKMARK [3][-]{subsubsection.8.3.4.4}{\376\377\0008\000.\0003\000.\0004\000.\0004\000\040\000b\000s\000i\000n\000f\000v\000\040\000[\0001\000/\0002\000]}{subsection.8.3.4}% 91
\BOOKMARK [3][-]{subsubsection.8.3.4.5}{\376\377\0008\000.\0003\000.\0004\000.\0005\000\040\000[\000]\000\040\000[\0002\000/\0002\000]}{subsection.8.3.4}% 92
\BOOKMARK [3][-]{subsubsection.8.3.4.6}{\376\377\0008\000.\0003\000.\0004\000.\0006\000\040\000c\000e\000r\000t\000i}{subsection.8.3.4}% 93
\BOOKMARK [3][-]{subsubsection.8.3.4.7}{\376\377\0008\000.\0003\000.\0004\000.\0007\000\040\000c\000e\000r\000t\000l\000e\000n\000\040\000[\0001\000/\0002\000]}{subsection.8.3.4}% 94
\BOOKMARK [3][-]{subsubsection.8.3.4.8}{\376\377\0008\000.\0003\000.\0004\000.\0008\000\040\000[\000]\000\040\000[\0002\000/\0002\000]}{subsection.8.3.4}% 95
\BOOKMARK [3][-]{subsubsection.8.3.4.9}{\376\377\0008\000.\0003\000.\0004\000.\0009\000\040\000d\000e\000v\000i\000d}{subsection.8.3.4}% 96
\BOOKMARK [3][-]{subsubsection.8.3.4.10}{\376\377\0008\000.\0003\000.\0004\000.\0001\0000\000\040\000f\000s\000b\000l\000\137\000p\000r\000e\000s\000\137\000b\000a\000n\000k}{subsection.8.3.4}% 97
\BOOKMARK [3][-]{subsubsection.8.3.4.11}{\376\377\0008\000.\0003\000.\0004\000.\0001\0001\000\040\000f\000s\000b\000l\000a\000d\000d\000r}{subsection.8.3.4}% 98
\BOOKMARK [3][-]{subsubsection.8.3.4.12}{\376\377\0008\000.\0003\000.\0004\000.\0001\0002\000\040\000f\000s\000b\000l\000n}{subsection.8.3.4}% 99
\BOOKMARK [3][-]{subsubsection.8.3.4.13}{\376\377\0008\000.\0003\000.\0004\000.\0001\0003\000\040\000f\000w\000i\000d}{subsection.8.3.4}% 100
\BOOKMARK [3][-]{subsubsection.8.3.4.14}{\376\377\0008\000.\0003\000.\0004\000.\0001\0004\000\040\000f\000w\000i\000n\000f\000o}{subsection.8.3.4}% 101
\BOOKMARK [3][-]{subsubsection.8.3.4.15}{\376\377\0008\000.\0003\000.\0004\000.\0001\0005\000\040\000f\000w\000i\000n\000f\000o\000l\000e\000n\000\040\000[\0001\000/\0002\000]}{subsection.8.3.4}% 102
\BOOKMARK [3][-]{subsubsection.8.3.4.16}{\376\377\0008\000.\0003\000.\0004\000.\0001\0006\000\040\000[\000]\000\040\000[\0002\000/\0002\000]}{subsection.8.3.4}% 103
\BOOKMARK [3][-]{subsubsection.8.3.4.17}{\376\377\0008\000.\0003\000.\0004\000.\0001\0007\000\040\000i\000o\000h\000n\000d\000l}{subsection.8.3.4}% 104
\BOOKMARK [3][-]{subsubsection.8.3.4.18}{\376\377\0008\000.\0003\000.\0004\000.\0001\0008\000\040\000i\000v}{subsection.8.3.4}% 105
\BOOKMARK [3][-]{subsubsection.8.3.4.19}{\376\377\0008\000.\0003\000.\0004\000.\0001\0009\000\040\000k\000e\000y}{subsection.8.3.4}% 106
\BOOKMARK [3][-]{subsubsection.8.3.4.20}{\376\377\0008\000.\0003\000.\0004\000.\0002\0000\000\040\000[\000s\000t\000r\000u\000c\000t\000]}{subsection.8.3.4}% 107
\BOOKMARK [3][-]{subsubsection.8.3.4.21}{\376\377\0008\000.\0003\000.\0004\000.\0002\0001\000\040\000m\000b\000s\000n}{subsection.8.3.4}% 108
\BOOKMARK [3][-]{subsubsection.8.3.4.22}{\376\377\0008\000.\0003\000.\0004\000.\0002\0002\000\040\000m\000b\000s\000n\000l}{subsection.8.3.4}% 109
\BOOKMARK [3][-]{subsubsection.8.3.4.23}{\376\377\0008\000.\0003\000.\0004\000.\0002\0003\000\040\000m\000i\000g\000i\000d}{subsection.8.3.4}% 110
\BOOKMARK [3][-]{subsubsection.8.3.4.24}{\376\377\0008\000.\0003\000.\0004\000.\0002\0004\000\040\000m\000m\000s\000n}{subsection.8.3.4}% 111
\BOOKMARK [3][-]{subsubsection.8.3.4.25}{\376\377\0008\000.\0003\000.\0004\000.\0002\0005\000\040\000m\000m\000s\000n\000l}{subsection.8.3.4}% 112
\BOOKMARK [3][-]{subsubsection.8.3.4.26}{\376\377\0008\000.\0003\000.\0004\000.\0002\0006\000\040\000m\000s\000g}{subsection.8.3.4}% 113
\BOOKMARK [3][-]{subsubsection.8.3.4.27}{\376\377\0008\000.\0003\000.\0004\000.\0002\0007\000\040\000m\000s\000g\000l\000e\000n}{subsection.8.3.4}% 114
\BOOKMARK [3][-]{subsubsection.8.3.4.28}{\376\377\0008\000.\0003\000.\0004\000.\0002\0008\000\040\000n\000v\000m\000e\000s\000n}{subsection.8.3.4}% 115
\BOOKMARK [3][-]{subsubsection.8.3.4.29}{\376\377\0008\000.\0003\000.\0004\000.\0002\0009\000\040\000n\000v\000m\000e\000s\000n\000l}{subsection.8.3.4}% 116
\BOOKMARK [3][-]{subsubsection.8.3.4.30}{\376\377\0008\000.\0003\000.\0004\000.\0003\0000\000\040\000o\000s\000\137\000p\000r\000e\000s\000\137\000b\000a\000n\000k}{subsection.8.3.4}% 117
\BOOKMARK [3][-]{subsubsection.8.3.4.31}{\376\377\0008\000.\0003\000.\0004\000.\0003\0001\000\040\000o\000s\000i\000d}{subsection.8.3.4}% 118
\BOOKMARK [3][-]{subsubsection.8.3.4.32}{\376\377\0008\000.\0003\000.\0004\000.\0003\0002\000\040\000r\000e\000s\000e\000r\000v\0001\000\040\000[\0001\000/\0002\000]}{subsection.8.3.4}% 119
\BOOKMARK [3][-]{subsubsection.8.3.4.33}{\376\377\0008\000.\0003\000.\0004\000.\0003\0003\000\040\000[\000]\000\040\000[\0002\000/\0002\000]}{subsection.8.3.4}% 120
\BOOKMARK [3][-]{subsubsection.8.3.4.34}{\376\377\0008\000.\0003\000.\0004\000.\0003\0004\000\040\000r\000e\000s\000e\000r\000v\0002\000\040\000[\0001\000/\0002\000]}{subsection.8.3.4}% 121
\BOOKMARK [3][-]{subsubsection.8.3.4.35}{\376\377\0008\000.\0003\000.\0004\000.\0003\0005\000\040\000[\000]\000\040\000[\0002\000/\0002\000]}{subsection.8.3.4}% 122
\BOOKMARK [3][-]{subsubsection.8.3.4.36}{\376\377\0008\000.\0003\000.\0004\000.\0003\0006\000\040\000s\000i\000g\000l\000e\000n\000\040\000[\0001\000/\0002\000]}{subsection.8.3.4}% 123
\BOOKMARK [3][-]{subsubsection.8.3.4.37}{\376\377\0008\000.\0003\000.\0004\000.\0003\0007\000\040\000[\000]\000\040\000[\0002\000/\0002\000]}{subsection.8.3.4}% 124
\BOOKMARK [3][-]{subsubsection.8.3.4.38}{\376\377\0008\000.\0003\000.\0004\000.\0003\0008\000\040\000s\000i\000g\000n\000a\000t\000u\000r\000e}{subsection.8.3.4}% 125
\BOOKMARK [3][-]{subsubsection.8.3.4.39}{\376\377\0008\000.\0003\000.\0004\000.\0003\0009\000\040\000s\000s\000b\000l\000\137\000p\000r\000e\000s\000\137\000b\000a\000n\000k}{subsection.8.3.4}% 126
\BOOKMARK [3][-]{subsubsection.8.3.4.40}{\376\377\0008\000.\0003\000.\0004\000.\0004\0000\000\040\000s\000s\000b\000l\000a\000d\000d\000r}{subsection.8.3.4}% 127
\BOOKMARK [3][-]{subsubsection.8.3.4.41}{\376\377\0008\000.\0003\000.\0004\000.\0004\0001\000\040\000s\000s\000b\000l\000n}{subsection.8.3.4}% 128
\BOOKMARK [3][-]{subsubsection.8.3.4.42}{\376\377\0008\000.\0003\000.\0004\000.\0004\0002\000\040\000t\000a\000g}{subsection.8.3.4}% 129
\BOOKMARK [3][-]{subsubsection.8.3.4.43}{\376\377\0008\000.\0003\000.\0004\000.\0004\0003\000\040\000v\000a\000l\000u\000e}{subsection.8.3.4}% 130
\BOOKMARK [2][-]{subsection.8.3.5}{\376\377\0008\000.\0003\000.\0005\000\040\000I\000n\000t\000e\000g\000r\000i\000t\000y\000C\000h\000e\000c\000k}{section.8.3}% 131
\BOOKMARK [3][-]{subsubsection.8.3.5.1}{\376\377\0008\000.\0003\000.\0005\000.\0001\000\040\000D\000e\000t\000a\000i\000l\000e\000d\000\040\000D\000e\000s\000c\000r\000i\000p\000t\000i\000o\000n}{subsection.8.3.5}% 132
\BOOKMARK [1][-]{section.8.4}{\376\377\0008\000.\0004\000\040\000A\000E\000S\000\040\000C\000i\000p\000h\000e\000r\000\040\000T\000e\000s\000t\000\040\000B\000e\000h\000a\000v\000i\000o\000r}{chapter.8}% 133
\BOOKMARK [2][-]{subsection.8.4.1}{\376\377\0008\000.\0004\000.\0001\000\040\000D\000e\000t\000a\000i\000l\000e\000d\000\040\000D\000e\000s\000c\000r\000i\000p\000t\000i\000o\000n}{section.8.4}% 134
\BOOKMARK [2][-]{subsection.8.4.2}{\376\377\0008\000.\0004\000.\0002\000\040\000M\000a\000c\000r\000o\000\040\000D\000e\000f\000i\000n\000i\000t\000i\000o\000n\000\040\000D\000o\000c\000u\000m\000e\000n\000t\000a\000t\000i\000o\000n}{section.8.4}% 135
\BOOKMARK [3][-]{subsubsection.8.4.2.1}{\376\377\0008\000.\0004\000.\0002\000.\0001\000\040\000S\000B\000C\000\137\000A\000E\000S\000\137\000U\000N\000I\000T\000E\000S\000T\000\137\000E\000N\000A\000B\000L\000E}{subsection.8.4.2}% 136
\BOOKMARK [3][-]{subsubsection.8.4.2.2}{\376\377\0008\000.\0004\000.\0002\000.\0002\000\040\000S\000B\000C\000\137\000B\000A\000S\000E\000A\000N\000S\000W\000E\000R\000\137\000T\000E\000S\000T}{subsection.8.4.2}% 137
\BOOKMARK [3][-]{subsubsection.8.4.2.3}{\376\377\0008\000.\0004\000.\0002\000.\0003\000\040\000S\000B\000C\000\137\000E\000C\000D\000S\000A\000\137\000T\000E\000S\000T\000\137\000E\000N\000A\000B\000L\000E}{subsection.8.4.2}% 138
\BOOKMARK [1][-]{section.8.5}{\376\377\0008\000.\0005\000\040\000R\000a\000w\000\040\000P\000a\000r\000t\000i\000t\000i\000o\000n\000\040\000r\000e\000l\000a\000t\000e\000d\000\040\000d\000a\000t\000a\000\040\000s\000t\000r\000u\000c\000t\000u\000r\000e\000\040\000a\000n\000d\000\040\000d\000e\000f\000i\000n\000e\000s}{chapter.8}% 139
\BOOKMARK [2][-]{subsection.8.5.1}{\376\377\0008\000.\0005\000.\0001\000\040\000D\000e\000t\000a\000i\000l\000e\000d\000\040\000D\000e\000s\000c\000r\000i\000p\000t\000i\000o\000n}{section.8.5}% 140
\BOOKMARK [2][-]{subsection.8.5.2}{\376\377\0008\000.\0005\000.\0002\000\040\000M\000a\000c\000r\000o\000\040\000D\000e\000f\000i\000n\000i\000t\000i\000o\000n\000\040\000D\000o\000c\000u\000m\000e\000n\000t\000a\000t\000i\000o\000n}{section.8.5}% 141
\BOOKMARK [3][-]{subsubsection.8.5.2.1}{\376\377\0008\000.\0005\000.\0002\000.\0001\000\040\000B\000O\000O\000T\000\137\000F\000S\000B\000L\000\137\000M\000A\000X\000\040\000[\0001\000/\0002\000]}{subsection.8.5.2}% 142
\BOOKMARK [3][-]{subsubsection.8.5.2.2}{\376\377\0008\000.\0005\000.\0002\000.\0002\000\040\000B\000O\000O\000T\000\137\000F\000S\000B\000L\000\137\000M\000A\000X\000\040\000[\0002\000/\0002\000]}{subsection.8.5.2}% 143
\BOOKMARK [3][-]{subsubsection.8.5.2.3}{\376\377\0008\000.\0005\000.\0002\000.\0003\000\040\000B\000O\000O\000T\000\137\000F\000S\000B\000L\000\137\000O\000F\000S\000\040\000[\0001\000/\0002\000]}{subsection.8.5.2}% 144
\BOOKMARK [3][-]{subsubsection.8.5.2.4}{\376\377\0008\000.\0005\000.\0002\000.\0004\000\040\000B\000O\000O\000T\000\137\000F\000S\000B\000L\000\137\000O\000F\000S\000\040\000[\0002\000/\0002\000]}{subsection.8.5.2}% 145
\BOOKMARK [3][-]{subsubsection.8.5.2.5}{\376\377\0008\000.\0005\000.\0002\000.\0005\000\040\000B\000O\000O\000T\000\137\000O\000S\000\137\000M\000A\000X\000\040\000[\0001\000/\0002\000]}{subsection.8.5.2}% 146
\BOOKMARK [3][-]{subsubsection.8.5.2.6}{\376\377\0008\000.\0005\000.\0002\000.\0006\000\040\000B\000O\000O\000T\000\137\000O\000S\000\137\000M\000A\000X\000\040\000[\0002\000/\0002\000]}{subsection.8.5.2}% 147
\BOOKMARK [3][-]{subsubsection.8.5.2.7}{\376\377\0008\000.\0005\000.\0002\000.\0007\000\040\000B\000O\000O\000T\000\137\000O\000S\000\137\000O\000F\000S\000\040\000[\0001\000/\0002\000]}{subsection.8.5.2}% 148
\BOOKMARK [3][-]{subsubsection.8.5.2.8}{\376\377\0008\000.\0005\000.\0002\000.\0008\000\040\000B\000O\000O\000T\000\137\000O\000S\000\137\000O\000F\000S\000\040\000[\0002\000/\0002\000]}{subsection.8.5.2}% 149
\BOOKMARK [3][-]{subsubsection.8.5.2.9}{\376\377\0008\000.\0005\000.\0002\000.\0009\000\040\000B\000O\000O\000T\000\137\000S\000S\000B\000L\000\137\000M\000A\000X\000\040\000[\0001\000/\0002\000]}{subsection.8.5.2}% 150
\BOOKMARK [3][-]{subsubsection.8.5.2.10}{\376\377\0008\000.\0005\000.\0002\000.\0001\0000\000\040\000B\000O\000O\000T\000\137\000S\000S\000B\000L\000\137\000M\000A\000X\000\040\000[\0002\000/\0002\000]}{subsection.8.5.2}% 151
\BOOKMARK [3][-]{subsubsection.8.5.2.11}{\376\377\0008\000.\0005\000.\0002\000.\0001\0001\000\040\000B\000O\000O\000T\000\137\000S\000S\000B\000L\000\137\000O\000F\000S\000\040\000[\0001\000/\0002\000]}{subsection.8.5.2}% 152
\BOOKMARK [3][-]{subsubsection.8.5.2.12}{\376\377\0008\000.\0005\000.\0002\000.\0001\0002\000\040\000B\000O\000O\000T\000\137\000S\000S\000B\000L\000\137\000O\000F\000S\000\040\000[\0002\000/\0002\000]}{subsection.8.5.2}% 153
\BOOKMARK [3][-]{subsubsection.8.5.2.13}{\376\377\0008\000.\0005\000.\0002\000.\0001\0003\000\040\000B\000O\000O\000T\000\137\000S\000W\000\137\000M\000A\000X\000\040\000[\0001\000/\0002\000]}{subsection.8.5.2}% 154
\BOOKMARK [3][-]{subsubsection.8.5.2.14}{\376\377\0008\000.\0005\000.\0002\000.\0001\0004\000\040\000B\000O\000O\000T\000\137\000S\000W\000\137\000M\000A\000X\000\040\000[\0002\000/\0002\000]}{subsection.8.5.2}% 155
\BOOKMARK [3][-]{subsubsection.8.5.2.15}{\376\377\0008\000.\0005\000.\0002\000.\0001\0005\000\040\000B\000O\000O\000T\000\137\000S\000W\000\137\000O\000F\000S\000\040\000[\0001\000/\0002\000]}{subsection.8.5.2}% 156
\BOOKMARK [3][-]{subsubsection.8.5.2.16}{\376\377\0008\000.\0005\000.\0002\000.\0001\0006\000\040\000B\000O\000O\000T\000\137\000S\000W\000\137\000O\000F\000S\000\040\000[\0002\000/\0002\000]}{subsection.8.5.2}% 157
\BOOKMARK [3][-]{subsubsection.8.5.2.17}{\376\377\0008\000.\0005\000.\0002\000.\0001\0007\000\040\000S\000B\000C\000\137\000B\000O\000O\000T\000\137\000M\000O\000D\000E\000\137\000L\000E\000N}{subsection.8.5.2}% 158
\BOOKMARK [3][-]{subsubsection.8.5.2.18}{\376\377\0008\000.\0005\000.\0002\000.\0001\0008\000\040\000S\000B\000C\000\137\000B\000O\000O\000T\000\137\000P\000R\000E\000S\000\137\000L\000E\000N}{subsection.8.5.2}% 159
\BOOKMARK [3][-]{subsubsection.8.5.2.19}{\376\377\0008\000.\0005\000.\0002\000.\0001\0009\000\040\000S\000B\000C\000\137\000H\000D\000R\000\137\000S\000K\000I\000P\000\137\000L\000E\000N}{subsection.8.5.2}% 160
\BOOKMARK [3][-]{subsubsection.8.5.2.20}{\376\377\0008\000.\0005\000.\0002\000.\0002\0000\000\040\000S\000B\000C\000\137\000P\000R\000T\000N\000I\000F\000O\000\137\000L\000E\000N}{subsection.8.5.2}% 161
\BOOKMARK [3][-]{subsubsection.8.5.2.21}{\376\377\0008\000.\0005\000.\0002\000.\0002\0001\000\040\000S\000B\000C\000\137\000R\000A\000W\000\137\000P\000R\000T\000H\000D\000R\000\137\000L\000B\000A\000\040\000[\0001\000/\0002\000]}{subsection.8.5.2}% 162
\BOOKMARK [3][-]{subsubsection.8.5.2.22}{\376\377\0008\000.\0005\000.\0002\000.\0002\0002\000\040\000S\000B\000C\000\137\000R\000A\000W\000\137\000P\000R\000T\000H\000D\000R\000\137\000L\000B\000A\000\040\000[\0002\000/\0002\000]}{subsection.8.5.2}% 163
\BOOKMARK [3][-]{subsubsection.8.5.2.23}{\376\377\0008\000.\0005\000.\0002\000.\0002\0003\000\040\000S\000B\000C\000\137\000R\000A\000W\000P\000R\000T\000\137\000M\000A\000G\000I\000C\000\137\000I\000D\000\040\000[\0001\000/\0002\000]}{subsection.8.5.2}% 164
\BOOKMARK [3][-]{subsubsection.8.5.2.24}{\376\377\0008\000.\0005\000.\0002\000.\0002\0004\000\040\000S\000B\000C\000\137\000R\000A\000W\000P\000R\000T\000\137\000M\000A\000G\000I\000C\000\137\000I\000D\000\040\000[\0002\000/\0002\000]}{subsection.8.5.2}% 165
\BOOKMARK [3][-]{subsubsection.8.5.2.25}{\376\377\0008\000.\0005\000.\0002\000.\0002\0005\000\040\000S\000Y\000S\000\137\000C\000O\000N\000F\000\137\000R\000E\000S\000\137\000O\000F\000S\000\040\000[\0001\000/\0002\000]}{subsection.8.5.2}% 166
\BOOKMARK [3][-]{subsubsection.8.5.2.26}{\376\377\0008\000.\0005\000.\0002\000.\0002\0006\000\040\000S\000Y\000S\000\137\000C\000O\000N\000F\000\137\000R\000E\000S\000\137\000O\000F\000S\000\040\000[\0002\000/\0002\000]}{subsection.8.5.2}% 167
\BOOKMARK [0][-]{chapter.9}{\376\377\0009\000\040\000D\000a\000t\000a\000\040\000S\000t\000r\000u\000c\000t\000u\000r\000e\000\040\000D\000o\000c\000u\000m\000e\000n\000t\000a\000t\000i\000o\000n}{}% 168
\BOOKMARK [1][-]{section.9.1}{\376\377\0009\000.\0001\000\040\000\137\000a\000e\000s\000\137\000b\000u\000f\000\137\000t\000\040\000S\000t\000r\000u\000c\000t\000\040\000R\000e\000f\000e\000r\000e\000n\000c\000e}{chapter.9}% 169
\BOOKMARK [1][-]{section.9.2}{\376\377\0009\000.\0002\000\040\000\137\000a\000e\000s\000\137\000c\000b\000c\000\137\000c\000o\000n\000t\000e\000x\000t\000\137\000t\000\040\000S\000t\000r\000u\000c\000t\000\040\000R\000e\000f\000e\000r\000e\000n\000c\000e}{chapter.9}% 170
\BOOKMARK [2][-]{subsection.9.2.1}{\376\377\0009\000.\0002\000.\0001\000\040\000F\000i\000e\000l\000d\000\040\000D\000o\000c\000u\000m\000e\000n\000t\000a\000t\000i\000o\000n}{section.9.2}% 171
\BOOKMARK [3][-]{subsubsection.9.2.1.1}{\376\377\0009\000.\0002\000.\0001\000.\0001\000\040\000h\000a\000n\000d\000l\000e}{subsection.9.2.1}% 172
\BOOKMARK [3][-]{subsubsection.9.2.1.2}{\376\377\0009\000.\0002\000.\0001\000.\0002\000\040\000i\000n\000l\000v}{subsection.9.2.1}% 173
\BOOKMARK [3][-]{subsubsection.9.2.1.3}{\376\377\0009\000.\0002\000.\0001\000.\0003\000\040\000i\000v}{subsection.9.2.1}% 174
\BOOKMARK [3][-]{subsubsection.9.2.1.4}{\376\377\0009\000.\0002\000.\0001\000.\0004\000\040\000k\000e\000y\000l\000v}{subsection.9.2.1}% 175
\BOOKMARK [3][-]{subsubsection.9.2.1.5}{\376\377\0009\000.\0002\000.\0001\000.\0005\000\040\000o\000u\000t\000l\000v}{subsection.9.2.1}% 176
\BOOKMARK [1][-]{section.9.3}{\376\377\0009\000.\0003\000\040\000\137\000a\000e\000s\000\137\000c\000o\000n\000t\000e\000x\000t\000\137\000t\000\040\000S\000t\000r\000u\000c\000t\000\040\000R\000e\000f\000e\000r\000e\000n\000c\000e}{chapter.9}% 177
\BOOKMARK [2][-]{subsection.9.3.1}{\376\377\0009\000.\0003\000.\0001\000\040\000F\000i\000e\000l\000d\000\040\000D\000o\000c\000u\000m\000e\000n\000t\000a\000t\000i\000o\000n}{section.9.3}% 178
\BOOKMARK [3][-]{subsubsection.9.3.1.1}{\376\377\0009\000.\0003\000.\0001\000.\0001\000\040\000a\000l\000g\000o\000i\000d}{subsection.9.3.1}% 179
\BOOKMARK [3][-]{subsubsection.9.3.1.2}{\376\377\0009\000.\0003\000.\0001\000.\0002\000\040\000c\000b\000c}{subsection.9.3.1}% 180
\BOOKMARK [3][-]{subsubsection.9.3.1.3}{\376\377\0009\000.\0003\000.\0001\000.\0003\000\040\000g\000c\000m}{subsection.9.3.1}% 181
\BOOKMARK [3][-]{subsubsection.9.3.1.4}{\376\377\0009\000.\0003\000.\0001\000.\0004\000\040\000h\000a\000n\000d\000l\000e}{subsection.9.3.1}% 182
\BOOKMARK [3][-]{subsubsection.9.3.1.5}{\376\377\0009\000.\0003\000.\0001\000.\0005\000\040\000i\000n}{subsection.9.3.1}% 183
\BOOKMARK [3][-]{subsubsection.9.3.1.6}{\376\377\0009\000.\0003\000.\0001\000.\0006\000\040\000i\000v}{subsection.9.3.1}% 184
\BOOKMARK [3][-]{subsubsection.9.3.1.7}{\376\377\0009\000.\0003\000.\0001\000.\0007\000\040\000k\000e\000y}{subsection.9.3.1}% 185
\BOOKMARK [3][-]{subsubsection.9.3.1.8}{\376\377\0009\000.\0003\000.\0001\000.\0008\000\040\000k\000e\000y\000l\000e\000n}{subsection.9.3.1}% 186
\BOOKMARK [3][-]{subsubsection.9.3.1.9}{\376\377\0009\000.\0003\000.\0001\000.\0009\000\040\000o\000u\000t}{subsection.9.3.1}% 187
\BOOKMARK [1][-]{section.9.4}{\376\377\0009\000.\0004\000\040\000\137\000a\000e\000s\000\137\000g\000c\000m\000\137\000c\000o\000n\000t\000e\000x\000t\000\137\000t\000\040\000S\000t\000r\000u\000c\000t\000\040\000R\000e\000f\000e\000r\000e\000n\000c\000e}{chapter.9}% 188
\BOOKMARK [2][-]{subsection.9.4.1}{\376\377\0009\000.\0004\000.\0001\000\040\000F\000i\000e\000l\000d\000\040\000D\000o\000c\000u\000m\000e\000n\000t\000a\000t\000i\000o\000n}{section.9.4}% 189
\BOOKMARK [3][-]{subsubsection.9.4.1.1}{\376\377\0009\000.\0004\000.\0001\000.\0001\000\040\000a\000a\000d}{subsection.9.4.1}% 190
\BOOKMARK [3][-]{subsubsection.9.4.1.2}{\376\377\0009\000.\0004\000.\0001\000.\0002\000\040\000i\000v}{subsection.9.4.1}% 191
\BOOKMARK [3][-]{subsubsection.9.4.1.3}{\376\377\0009\000.\0004\000.\0001\000.\0003\000\040\000k\000e\000y}{subsection.9.4.1}% 192
\BOOKMARK [3][-]{subsubsection.9.4.1.4}{\376\377\0009\000.\0004\000.\0001\000.\0004\000\040\000m\000s\000g}{subsection.9.4.1}% 193
\BOOKMARK [3][-]{subsubsection.9.4.1.5}{\376\377\0009\000.\0004\000.\0001\000.\0005\000\040\000o\000u\000t}{subsection.9.4.1}% 194
\BOOKMARK [3][-]{subsubsection.9.4.1.6}{\376\377\0009\000.\0004\000.\0001\000.\0006\000\040\000t\000a\000g}{subsection.9.4.1}% 195
\BOOKMARK [1][-]{section.9.5}{\376\377\0009\000.\0005\000\040\000\137\000a\000t\000\137\000k\000e\000y\000\137\000t\000\040\000S\000t\000r\000u\000c\000t\000\040\000R\000e\000f\000e\000r\000e\000n\000c\000e}{chapter.9}% 196
\BOOKMARK [2][-]{subsection.9.5.1}{\376\377\0009\000.\0005\000.\0001\000\040\000D\000e\000t\000a\000i\000l\000e\000d\000\040\000D\000e\000s\000c\000r\000i\000p\000t\000i\000o\000n}{section.9.5}% 197
\BOOKMARK [2][-]{subsection.9.5.2}{\376\377\0009\000.\0005\000.\0002\000\040\000F\000i\000e\000l\000d\000\040\000D\000o\000c\000u\000m\000e\000n\000t\000a\000t\000i\000o\000n}{section.9.5}% 198
\BOOKMARK [3][-]{subsubsection.9.5.2.1}{\376\377\0009\000.\0005\000.\0002\000.\0001\000\040\000d}{subsection.9.5.2}% 199
\BOOKMARK [3][-]{subsubsection.9.5.2.2}{\376\377\0009\000.\0005\000.\0002\000.\0002\000\040\000d\000l}{subsection.9.5.2}% 200
\BOOKMARK [3][-]{subsubsection.9.5.2.3}{\376\377\0009\000.\0005\000.\0002\000.\0003\000\040\000q\000l}{subsection.9.5.2}% 201
\BOOKMARK [3][-]{subsubsection.9.5.2.4}{\376\377\0009\000.\0005\000.\0002\000.\0004\000\040\000q\000x}{subsection.9.5.2}% 202
\BOOKMARK [3][-]{subsubsection.9.5.2.5}{\376\377\0009\000.\0005\000.\0002\000.\0005\000\040\000q\000y}{subsection.9.5.2}% 203
\BOOKMARK [3][-]{subsubsection.9.5.2.6}{\376\377\0009\000.\0005\000.\0002\000.\0006\000\040\000v\000a\000l\000u\000e}{subsection.9.5.2}% 204
\BOOKMARK [1][-]{section.9.6}{\376\377\0009\000.\0006\000\040\000\137\000b\000a\000s\000e\000\137\000a\000n\000s\000i\000d\000\137\000t\000\040\000S\000t\000r\000u\000c\000t\000\040\000R\000e\000f\000e\000r\000e\000n\000c\000e}{chapter.9}% 205
\BOOKMARK [1][-]{section.9.7}{\376\377\0009\000.\0007\000\040\000\137\000b\000o\000o\000t\000\137\000f\000w\000\137\000i\000n\000f\000\137\000t\000\040\000U\000n\000i\000o\000n\000\040\000R\000e\000f\000e\000r\000e\000n\000c\000e}{chapter.9}% 206
\BOOKMARK [2][-]{subsection.9.7.1}{\376\377\0009\000.\0007\000.\0001\000\040\000D\000e\000t\000a\000i\000l\000e\000d\000\040\000D\000e\000s\000c\000r\000i\000p\000t\000i\000o\000n}{section.9.7}% 207
\BOOKMARK [2][-]{subsection.9.7.2}{\376\377\0009\000.\0007\000.\0002\000\040\000F\000i\000e\000l\000d\000\040\000D\000o\000c\000u\000m\000e\000n\000t\000a\000t\000i\000o\000n}{section.9.7}% 208
\BOOKMARK [3][-]{subsubsection.9.7.2.1}{\376\377\0009\000.\0007\000.\0002\000.\0001\000\040\000f\000s\000b\000l\000i\000m\000g}{subsection.9.7.2}% 209
\BOOKMARK [3][-]{subsubsection.9.7.2.2}{\376\377\0009\000.\0007\000.\0002\000.\0002\000\040\000f\000s\000b\000l\000n}{subsection.9.7.2}% 210
\BOOKMARK [3][-]{subsubsection.9.7.2.3}{\376\377\0009\000.\0007\000.\0002\000.\0003\000\040\000[\000s\000t\000r\000u\000c\000t\000]}{subsection.9.7.2}% 211
\BOOKMARK [3][-]{subsubsection.9.7.2.4}{\376\377\0009\000.\0007\000.\0002\000.\0004\000\040\000o\000s\000i\000m\000g}{subsection.9.7.2}% 212
\BOOKMARK [3][-]{subsubsection.9.7.2.5}{\376\377\0009\000.\0007\000.\0002\000.\0005\000\040\000o\000s\000l\000n}{subsection.9.7.2}% 213
\BOOKMARK [3][-]{subsubsection.9.7.2.6}{\376\377\0009\000.\0007\000.\0002\000.\0006\000\040\000s\000s\000b\000l\000i\000m\000g}{subsection.9.7.2}% 214
\BOOKMARK [3][-]{subsubsection.9.7.2.7}{\376\377\0009\000.\0007\000.\0002\000.\0007\000\040\000s\000s\000b\000l\000n}{subsection.9.7.2}% 215
\BOOKMARK [3][-]{subsubsection.9.7.2.8}{\376\377\0009\000.\0007\000.\0002\000.\0008\000\040\000s\000w\000i\000m\000g}{subsection.9.7.2}% 216
\BOOKMARK [3][-]{subsubsection.9.7.2.9}{\376\377\0009\000.\0007\000.\0002\000.\0009\000\040\000s\000w\000n}{subsection.9.7.2}% 217
\BOOKMARK [3][-]{subsubsection.9.7.2.10}{\376\377\0009\000.\0007\000.\0002\000.\0001\0000\000\040\000v\000a\000l\000u\000e}{subsection.9.7.2}% 218
\BOOKMARK [1][-]{section.9.8}{\376\377\0009\000.\0008\000\040\000\137\000b\000o\000o\000t\000\137\000p\000r\000o\000c\000\137\000t\000\040\000S\000t\000r\000u\000c\000t\000\040\000R\000e\000f\000e\000r\000e\000n\000c\000e}{chapter.9}% 219
\BOOKMARK [2][-]{subsection.9.8.1}{\376\377\0009\000.\0008\000.\0001\000\040\000F\000i\000e\000l\000d\000\040\000D\000o\000c\000u\000m\000e\000n\000t\000a\000t\000i\000o\000n}{section.9.8}% 220
\BOOKMARK [3][-]{subsubsection.9.8.1.1}{\376\377\0009\000.\0008\000.\0001\000.\0001\000\040\000b\000a\000s\000e\000a\000n\000s\000r}{subsection.9.8.1}% 221
\BOOKMARK [3][-]{subsubsection.9.8.1.2}{\376\377\0009\000.\0008\000.\0001\000.\0002\000\040\000b\000l\000k\000h\000n\000d}{subsection.9.8.1}% 222
\BOOKMARK [3][-]{subsubsection.9.8.1.3}{\376\377\0009\000.\0008\000.\0001\000.\0003\000\040\000b\000m}{subsection.9.8.1}% 223
\BOOKMARK [3][-]{subsubsection.9.8.1.4}{\376\377\0009\000.\0008\000.\0001\000.\0004\000\040\000b\000o\000o\000t\000s\000t}{subsection.9.8.1}% 224
\BOOKMARK [3][-]{subsubsection.9.8.1.5}{\376\377\0009\000.\0008\000.\0001\000.\0005\000\040\000c\000u\000r\000r\000\137\000s\000w\000\137\000b\000n\000k}{subsection.9.8.1}% 225
\BOOKMARK [3][-]{subsubsection.9.8.1.6}{\376\377\0009\000.\0008\000.\0001\000.\0006\000\040\000d\000i\000c\000e\000i\000d}{subsection.9.8.1}% 226
\BOOKMARK [3][-]{subsubsection.9.8.1.7}{\376\377\0009\000.\0008\000.\0001\000.\0007\000\040\000k\000e\000y\000i\000n\000f\000o}{subsection.9.8.1}% 227
\BOOKMARK [3][-]{subsubsection.9.8.1.8}{\376\377\0009\000.\0008\000.\0001\000.\0008\000\040\000k\000m}{subsection.9.8.1}% 228
\BOOKMARK [3][-]{subsubsection.9.8.1.9}{\376\377\0009\000.\0008\000.\0001\000.\0009\000\040\000l\000d\000h\000n\000d\000l}{subsection.9.8.1}% 229
\BOOKMARK [3][-]{subsubsection.9.8.1.10}{\376\377\0009\000.\0008\000.\0001\000.\0001\0000\000\040\000p\000v\000s\000\137\000s\000w\000\137\000b\000n\000k}{subsection.9.8.1}% 230
\BOOKMARK [3][-]{subsubsection.9.8.1.11}{\376\377\0009\000.\0008\000.\0001\000.\0001\0001\000\040\000r\000a\000w\000p\000r\000t\000\137\000h\000d\000r}{subsection.9.8.1}% 231
\BOOKMARK [3][-]{subsubsection.9.8.1.12}{\376\377\0009\000.\0008\000.\0001\000.\0001\0002\000\040\000r\000c\000v\000m\000o\000d\000e}{subsection.9.8.1}% 232
\BOOKMARK [1][-]{section.9.9}{\376\377\0009\000.\0009\000\040\000\137\000e\000c\000c\000\137\000c\000t\000x\000\137\000t\000\040\000S\000t\000r\000u\000c\000t\000\040\000R\000e\000f\000e\000r\000e\000n\000c\000e}{chapter.9}% 233
\BOOKMARK [2][-]{subsection.9.9.1}{\376\377\0009\000.\0009\000.\0001\000\040\000F\000i\000e\000l\000d\000\040\000D\000o\000c\000u\000m\000e\000n\000t\000a\000t\000i\000o\000n}{section.9.9}% 234
\BOOKMARK [3][-]{subsubsection.9.9.1.1}{\376\377\0009\000.\0009\000.\0001\000.\0001\000\040\000c\000u\000r\000v\000e\000i\000d}{subsection.9.9.1}% 235
\BOOKMARK [3][-]{subsubsection.9.9.1.2}{\376\377\0009\000.\0009\000.\0001\000.\0002\000\040\000h\000a\000n\000d\000l\000e}{subsection.9.9.1}% 236
\BOOKMARK [3][-]{subsubsection.9.9.1.3}{\376\377\0009\000.\0009\000.\0001\000.\0003\000\040\000p\000r\000i\000v\000k\000e\000y}{subsection.9.9.1}% 237
\BOOKMARK [3][-]{subsubsection.9.9.1.4}{\376\377\0009\000.\0009\000.\0001\000.\0004\000\040\000p\000u\000b\000k\000e\000y}{subsection.9.9.1}% 238
\BOOKMARK [3][-]{subsubsection.9.9.1.5}{\376\377\0009\000.\0009\000.\0001\000.\0005\000\040\000s\000h\000a\000r\000e\000d\000k\000e\000y}{subsection.9.9.1}% 239
\BOOKMARK [1][-]{section.9.10}{\376\377\0009\000.\0001\0000\000\040\000\137\000f\000h\000n\000d\000\137\000i\000m\000g\000\137\000t\000\040\000S\000t\000r\000u\000c\000t\000\040\000R\000e\000f\000e\000r\000e\000n\000c\000e}{chapter.9}% 240
\BOOKMARK [1][-]{section.9.11}{\376\377\0009\000.\0001\0001\000\040\000\137\000h\000w\000\137\000u\000n\000i\000q\000u\000e\000\137\000i\000n\000f\000o\000\137\000t\000\040\000S\000t\000r\000u\000c\000t\000\040\000R\000e\000f\000e\000r\000e\000n\000c\000e}{chapter.9}% 241
\BOOKMARK [1][-]{section.9.12}{\376\377\0009\000.\0001\0002\000\040\000\137\000k\000d\000f\000\137\000t\000\040\000S\000t\000r\000u\000c\000t\000\040\000R\000e\000f\000e\000r\000e\000n\000c\000e}{chapter.9}% 242
\BOOKMARK [1][-]{section.9.13}{\376\377\0009\000.\0001\0003\000\040\000\137\000l\000v\000\137\000t\000\040\000S\000t\000r\000u\000c\000t\000\040\000R\000e\000f\000e\000r\000e\000n\000c\000e}{chapter.9}% 243
\BOOKMARK [2][-]{subsection.9.13.1}{\376\377\0009\000.\0001\0003\000.\0001\000\040\000D\000e\000t\000a\000i\000l\000e\000d\000\040\000D\000e\000s\000c\000r\000i\000p\000t\000i\000o\000n}{section.9.13}% 244
\BOOKMARK [1][-]{section.9.14}{\376\377\0009\000.\0001\0004\000\040\000\137\000o\000s\000i\000d\000\137\000k\000e\000y\000\137\000t\000\040\000U\000n\000i\000o\000n\000\040\000R\000e\000f\000e\000r\000e\000n\000c\000e}{chapter.9}% 245
\BOOKMARK [1][-]{section.9.15}{\376\377\0009\000.\0001\0005\000\040\000\137\000r\000a\000w\000p\000r\000t\000\137\000h\000d\000r\000\137\000t\000\040\000S\000t\000r\000u\000c\000t\000\040\000R\000e\000f\000e\000r\000e\000n\000c\000e}{chapter.9}% 246
\BOOKMARK [2][-]{subsection.9.15.1}{\376\377\0009\000.\0001\0005\000.\0001\000\040\000D\000e\000t\000a\000i\000l\000e\000d\000\040\000D\000e\000s\000c\000r\000i\000p\000t\000i\000o\000n}{section.9.15}% 247
\BOOKMARK [2][-]{subsection.9.15.2}{\376\377\0009\000.\0001\0005\000.\0002\000\040\000F\000i\000e\000l\000d\000\040\000D\000o\000c\000u\000m\000e\000n\000t\000a\000t\000i\000o\000n}{section.9.15}% 248
\BOOKMARK [3][-]{subsubsection.9.15.2.1}{\376\377\0009\000.\0001\0005\000.\0002\000.\0001\000\040\000b\000o\000o\000t\000m\000o\000d\000e}{subsection.9.15.2}% 249
\BOOKMARK [3][-]{subsubsection.9.15.2.2}{\376\377\0009\000.\0001\0005\000.\0002\000.\0002\000\040\000b\000o\000o\000t\000p\000r\000e\000s}{subsection.9.15.2}% 250
\BOOKMARK [3][-]{subsubsection.9.15.2.3}{\376\377\0009\000.\0001\0005\000.\0002\000.\0003\000\040\000b\000o\000o\000t\000p\000r\000e\000s\000\137\000r\000e\000s\000e\000r\000v}{subsection.9.15.2}% 251
\BOOKMARK [3][-]{subsubsection.9.15.2.4}{\376\377\0009\000.\0001\0005\000.\0002\000.\0004\000\040\000m\000a\000g\000i\000c\000i\000d}{subsection.9.15.2}% 252
\BOOKMARK [3][-]{subsubsection.9.15.2.5}{\376\377\0009\000.\0001\0005\000.\0002\000.\0005\000\040\000p\000r\000t\000i\000n\000f\000o}{subsection.9.15.2}% 253
\BOOKMARK [3][-]{subsubsection.9.15.2.6}{\376\377\0009\000.\0001\0005\000.\0002\000.\0006\000\040\000r\000c\000v\000m\000o\000d\000e}{subsection.9.15.2}% 254
\BOOKMARK [1][-]{section.9.16}{\376\377\0009\000.\0001\0006\000\040\000\137\000s\000b\000\137\000r\000c\000v\000\137\000p\000r\000o\000c\000\137\000t\000\040\000S\000t\000r\000u\000c\000t\000\040\000R\000e\000f\000e\000r\000e\000n\000c\000e}{chapter.9}% 255
\BOOKMARK [2][-]{subsection.9.16.1}{\376\377\0009\000.\0001\0006\000.\0001\000\040\000F\000i\000e\000l\000d\000\040\000D\000o\000c\000u\000m\000e\000n\000t\000a\000t\000i\000o\000n}{section.9.16}% 256
\BOOKMARK [3][-]{subsubsection.9.16.1.1}{\376\377\0009\000.\0001\0006\000.\0001\000.\0001\000\040\000b\000a\000s\000e\000a\000n\000s}{subsection.9.16.1}% 257
\BOOKMARK [3][-]{subsubsection.9.16.1.2}{\376\377\0009\000.\0001\0006\000.\0001\000.\0002\000\040\000h\000a\000n\000d\000l\000e}{subsection.9.16.1}% 258
\BOOKMARK [3][-]{subsubsection.9.16.1.3}{\376\377\0009\000.\0001\0006\000.\0001\000.\0003\000\040\000m\000i\000g\000k\000e\000y}{subsection.9.16.1}% 259
\BOOKMARK [3][-]{subsubsection.9.16.1.4}{\376\377\0009\000.\0001\0006\000.\0001\000.\0004\000\040\000o\000s\000i\000d}{subsection.9.16.1}% 260
\BOOKMARK [3][-]{subsubsection.9.16.1.5}{\376\377\0009\000.\0001\0006\000.\0001\000.\0005\000\040\000w\000h\000i\000t\000e\000l\000s}{subsection.9.16.1}% 261
\BOOKMARK [1][-]{section.9.17}{\376\377\0009\000.\0001\0007\000\040\000\137\000s\000b\000c\000\137\000r\000t\000p\000n\000\137\000h\000e\000a\000d\000e\000r\000\137\000t\000\040\000U\000n\000i\000o\000n\000\040\000R\000e\000f\000e\000r\000e\000n\000c\000e}{chapter.9}% 262
\BOOKMARK [2][-]{subsection.9.17.1}{\376\377\0009\000.\0001\0007\000.\0001\000\040\000F\000i\000e\000l\000d\000\040\000D\000o\000c\000u\000m\000e\000n\000t\000a\000t\000i\000o\000n}{section.9.17}% 263
\BOOKMARK [3][-]{subsubsection.9.17.1.1}{\376\377\0009\000.\0001\0007\000.\0001\000.\0001\000\040\000i\000n\000f\000o}{subsection.9.17.1}% 264
\BOOKMARK [3][-]{subsubsection.9.17.1.2}{\376\377\0009\000.\0001\0007\000.\0001\000.\0002\000\040\000[\000s\000t\000r\000u\000c\000t\000]}{subsection.9.17.1}% 265
\BOOKMARK [3][-]{subsubsection.9.17.1.3}{\376\377\0009\000.\0001\0007\000.\0001\000.\0003\000\040\000s\000k\000i\000p}{subsection.9.17.1}% 266
\BOOKMARK [3][-]{subsubsection.9.17.1.4}{\376\377\0009\000.\0001\0007\000.\0001\000.\0004\000\040\000v\000a\000l\000u\000e}{subsection.9.17.1}% 267
\BOOKMARK [1][-]{section.9.18}{\376\377\0009\000.\0001\0008\000\040\000\137\000s\000y\000s\000\137\000p\000r\000e\000s\000\137\000t\000\040\000U\000n\000i\000o\000n\000\040\000R\000e\000f\000e\000r\000e\000n\000c\000e}{chapter.9}% 268
\BOOKMARK [1][-]{section.9.19}{\376\377\0009\000.\0001\0009\000\040\000\137\000t\000\137\000b\000a\000s\000e\000a\000n\000s\000r\000\040\000S\000t\000r\000u\000c\000t\000\040\000R\000e\000f\000e\000r\000e\000n\000c\000e}{chapter.9}% 269
\BOOKMARK [1][-]{section.9.20}{\376\377\0009\000.\0002\0000\000\040\000\137\000t\000\137\000b\000m\000\137\000l\000o\000o\000k\000u\000p\000\137\000t\000a\000b\000l\000e\000\040\000S\000t\000r\000u\000c\000t\000\040\000R\000e\000f\000e\000r\000e\000n\000c\000e}{chapter.9}% 270
\BOOKMARK [2][-]{subsection.9.20.1}{\376\377\0009\000.\0002\0000\000.\0001\000\040\000F\000i\000e\000l\000d\000\040\000D\000o\000c\000u\000m\000e\000n\000t\000a\000t\000i\000o\000n}{section.9.20}% 271
\BOOKMARK [3][-]{subsubsection.9.20.1.1}{\376\377\0009\000.\0002\0000\000.\0001\000.\0001\000\040\000k\000e\000y}{subsection.9.20.1}% 272
\BOOKMARK [3][-]{subsubsection.9.20.1.2}{\376\377\0009\000.\0002\0000\000.\0001\000.\0002\000\040\000v\000a\000l}{subsection.9.20.1}% 273
\BOOKMARK [1][-]{section.9.21}{\376\377\0009\000.\0002\0001\000\040\000\137\000t\000\137\000f\000s\000b\000l\000\137\000b\000s\000i\000f\000o\000\040\000U\000n\000i\000o\000n\000\040\000R\000e\000f\000e\000r\000e\000n\000c\000e}{chapter.9}% 274
\BOOKMARK [1][-]{section.9.22}{\376\377\0009\000.\0002\0002\000\040\000\137\000t\000\137\000f\000s\000b\000l\000\137\000b\000s\000i\000n\000f\000o\000\137\000p\000t\000r\000\040\000S\000t\000r\000u\000c\000t\000\040\000R\000e\000f\000e\000r\000e\000n\000c\000e}{chapter.9}% 275
\BOOKMARK [1][-]{section.9.23}{\376\377\0009\000.\0002\0003\000\040\000\137\000t\000\137\000m\000i\000g\000\137\000k\000e\000y\000\040\000S\000t\000r\000u\000c\000t\000\040\000R\000e\000f\000e\000r\000e\000n\000c\000e}{chapter.9}% 276
\BOOKMARK [1][-]{section.9.24}{\376\377\0009\000.\0002\0004\000\040\000\137\000t\000l\000v\000\137\000t\000\040\000S\000t\000r\000u\000c\000t\000\040\000R\000e\000f\000e\000r\000e\000n\000c\000e}{chapter.9}% 277
\BOOKMARK [2][-]{subsection.9.24.1}{\376\377\0009\000.\0002\0004\000.\0001\000\040\000D\000e\000t\000a\000i\000l\000e\000d\000\040\000D\000e\000s\000c\000r\000i\000p\000t\000i\000o\000n}{section.9.24}% 278
\BOOKMARK [1][-]{section.9.25}{\376\377\0009\000.\0002\0005\000\040\000\137\000u\000n\000i\000t\000\137\000p\000r\000o\000c\000\137\000t\000\040\000S\000t\000r\000u\000c\000t\000\040\000R\000e\000f\000e\000r\000e\000n\000c\000e}{chapter.9}% 279
\BOOKMARK [2][-]{subsection.9.25.1}{\376\377\0009\000.\0002\0005\000.\0001\000\040\000F\000i\000e\000l\000d\000\040\000D\000o\000c\000u\000m\000e\000n\000t\000a\000t\000i\000o\000n}{section.9.25}% 280
\BOOKMARK [3][-]{subsubsection.9.25.1.1}{\376\377\0009\000.\0002\0005\000.\0001\000.\0001\000\040\000b\000m}{subsection.9.25.1}% 281
\BOOKMARK [3][-]{subsubsection.9.25.1.2}{\376\377\0009\000.\0002\0005\000.\0001\000.\0002\000\040\000b\000o\000o\000t\000s\000t}{subsection.9.25.1}% 282
\BOOKMARK [3][-]{subsubsection.9.25.1.3}{\376\377\0009\000.\0002\0005\000.\0001\000.\0003\000\040\000c\000u\000r\000r\000\137\000s\000w\000\137\000b\000n\000k}{subsection.9.25.1}% 283
\BOOKMARK [3][-]{subsubsection.9.25.1.4}{\376\377\0009\000.\0002\0005\000.\0001\000.\0004\000\040\000k\000m}{subsection.9.25.1}% 284
\BOOKMARK [3][-]{subsubsection.9.25.1.5}{\376\377\0009\000.\0002\0005\000.\0001\000.\0005\000\040\000p\000v\000s\000\137\000s\000w\000\137\000b\000n\000k}{subsection.9.25.1}% 285
\BOOKMARK [3][-]{subsubsection.9.25.1.6}{\376\377\0009\000.\0002\0005\000.\0001\000.\0006\000\040\000r\000c\000v\000m\000o\000d\000e}{subsection.9.25.1}% 286
\BOOKMARK [1][-]{section.9.26}{\376\377\0009\000.\0002\0006\000\040\000a\000e\000s\000\137\000g\000c\000m\000\137\000v\000e\000c\000t\000o\000r\000s\000\137\000s\000t\000\040\000S\000t\000r\000u\000c\000t\000\040\000R\000e\000f\000e\000r\000e\000n\000c\000e}{chapter.9}% 287
\BOOKMARK [1][-]{section.9.27}{\376\377\0009\000.\0002\0007\000\040\000a\000t\000\137\000k\000e\000y\000\137\000t\000\040\000S\000t\000r\000u\000c\000t\000\040\000R\000e\000f\000e\000r\000e\000n\000c\000e}{chapter.9}% 288
\BOOKMARK [2][-]{subsection.9.27.1}{\376\377\0009\000.\0002\0007\000.\0001\000\040\000D\000e\000t\000a\000i\000l\000e\000d\000\040\000D\000e\000s\000c\000r\000i\000p\000t\000i\000o\000n}{section.9.27}% 289
\BOOKMARK [1][-]{section.9.28}{\376\377\0009\000.\0002\0008\000\040\000a\000t\000p\000\137\000i\000d\000e\000n\000t\000\137\000t\000\040\000S\000t\000r\000u\000c\000t\000\040\000R\000e\000f\000e\000r\000e\000n\000c\000e}{chapter.9}% 290
\BOOKMARK [2][-]{subsection.9.28.1}{\376\377\0009\000.\0002\0008\000.\0001\000\040\000D\000e\000t\000a\000i\000l\000e\000d\000\040\000D\000e\000s\000c\000r\000i\000p\000t\000i\000o\000n}{section.9.28}% 291
\BOOKMARK [1][-]{section.9.29}{\376\377\0009\000.\0002\0009\000\040\000b\000a\000s\000e\000\137\000a\000n\000s\000i\000d\000\137\000t\000\040\000S\000t\000r\000u\000c\000t\000\040\000R\000e\000f\000e\000r\000e\000n\000c\000e}{chapter.9}% 292
\BOOKMARK [2][-]{subsection.9.29.1}{\376\377\0009\000.\0002\0009\000.\0001\000\040\000D\000e\000t\000a\000i\000l\000e\000d\000\040\000D\000e\000s\000c\000r\000i\000p\000t\000i\000o\000n}{section.9.29}% 293
\BOOKMARK [1][-]{section.9.30}{\376\377\0009\000.\0003\0000\000\040\000b\000a\000s\000e\000a\000n\000s\000r\000\137\000t\000\040\000S\000t\000r\000u\000c\000t\000\040\000R\000e\000f\000e\000r\000e\000n\000c\000e}{chapter.9}% 294
\BOOKMARK [2][-]{subsection.9.30.1}{\376\377\0009\000.\0003\0000\000.\0001\000\040\000D\000e\000t\000a\000i\000l\000e\000d\000\040\000D\000e\000s\000c\000r\000i\000p\000t\000i\000o\000n}{section.9.30}% 295
\BOOKMARK [1][-]{section.9.31}{\376\377\0009\000.\0003\0001\000\040\000b\000m\000\137\000l\000o\000o\000k\000u\000p\000\137\000t\000a\000b\000l\000e\000\137\000t\000\040\000S\000t\000r\000u\000c\000t\000\040\000R\000e\000f\000e\000r\000e\000n\000c\000e}{chapter.9}% 296
\BOOKMARK [2][-]{subsection.9.31.1}{\376\377\0009\000.\0003\0001\000.\0001\000\040\000D\000e\000t\000a\000i\000l\000e\000d\000\040\000D\000e\000s\000c\000r\000i\000p\000t\000i\000o\000n}{section.9.31}% 297
\BOOKMARK [1][-]{section.9.32}{\376\377\0009\000.\0003\0002\000\040\000b\000o\000o\000t\000\137\000f\000w\000\137\000i\000n\000f\000\137\000t\000\040\000U\000n\000i\000o\000n\000\040\000R\000e\000f\000e\000r\000e\000n\000c\000e}{chapter.9}% 298
\BOOKMARK [2][-]{subsection.9.32.1}{\376\377\0009\000.\0003\0002\000.\0001\000\040\000D\000e\000t\000a\000i\000l\000e\000d\000\040\000D\000e\000s\000c\000r\000i\000p\000t\000i\000o\000n}{section.9.32}% 299
\BOOKMARK [1][-]{section.9.33}{\376\377\0009\000.\0003\0003\000\040\000b\000o\000o\000t\000\137\000p\000r\000o\000c\000\137\000t\000\040\000S\000t\000r\000u\000c\000t\000\040\000R\000e\000f\000e\000r\000e\000n\000c\000e}{chapter.9}% 300
\BOOKMARK [2][-]{subsection.9.33.1}{\376\377\0009\000.\0003\0003\000.\0001\000\040\000D\000e\000t\000a\000i\000l\000e\000d\000\040\000D\000e\000s\000c\000r\000i\000p\000t\000i\000o\000n}{section.9.33}% 301
\BOOKMARK [1][-]{section.9.34}{\376\377\0009\000.\0003\0004\000\040\000C\000h\000e\000c\000k\000I\000n\000t\000e\000g\000e\000r\000R\000a\000n\000g\000e\000\040\000S\000t\000r\000u\000c\000t\000\040\000R\000e\000f\000e\000r\000e\000n\000c\000e}{chapter.9}% 302
\BOOKMARK [1][-]{section.9.35}{\376\377\0009\000.\0003\0005\000\040\000C\000h\000e\000c\000k\000I\000n\000t\000e\000g\000e\000r\000S\000e\000t\000\040\000S\000t\000r\000u\000c\000t\000\040\000R\000e\000f\000e\000r\000e\000n\000c\000e}{chapter.9}% 303
\BOOKMARK [1][-]{section.9.36}{\376\377\0009\000.\0003\0006\000\040\000C\000h\000e\000c\000k\000M\000e\000m\000o\000r\000y\000D\000a\000t\000a\000\040\000S\000t\000r\000u\000c\000t\000\040\000R\000e\000f\000e\000r\000e\000n\000c\000e}{chapter.9}% 304
\BOOKMARK [1][-]{section.9.37}{\376\377\0009\000.\0003\0007\000\040\000C\000h\000e\000c\000k\000P\000a\000r\000a\000m\000e\000t\000e\000r\000E\000v\000e\000n\000t\000\040\000S\000t\000r\000u\000c\000t\000\040\000R\000e\000f\000e\000r\000e\000n\000c\000e}{chapter.9}% 305
\BOOKMARK [1][-]{section.9.38}{\376\377\0009\000.\0003\0008\000\040\000C\000M\000U\000n\000i\000t\000T\000e\000s\000t\000\040\000S\000t\000r\000u\000c\000t\000\040\000R\000e\000f\000e\000r\000e\000n\000c\000e}{chapter.9}% 306
\BOOKMARK [1][-]{section.9.39}{\376\377\0009\000.\0003\0009\000\040\000C\000M\000U\000n\000i\000t\000T\000e\000s\000t\000S\000t\000a\000t\000e\000\040\000S\000t\000r\000u\000c\000t\000\040\000R\000e\000f\000e\000r\000e\000n\000c\000e}{chapter.9}% 307
\BOOKMARK [1][-]{section.9.40}{\376\377\0009\000.\0004\0000\000\040\000f\000h\000n\000d\000\137\000i\000m\000g\000\137\000t\000\040\000S\000t\000r\000u\000c\000t\000\040\000R\000e\000f\000e\000r\000e\000n\000c\000e}{chapter.9}% 308
\BOOKMARK [2][-]{subsection.9.40.1}{\376\377\0009\000.\0004\0000\000.\0001\000\040\000D\000e\000t\000a\000i\000l\000e\000d\000\040\000D\000e\000s\000c\000r\000i\000p\000t\000i\000o\000n}{section.9.40}% 309
\BOOKMARK [1][-]{section.9.41}{\376\377\0009\000.\0004\0001\000\040\000f\000s\000b\000l\000\137\000b\000s\000i\000n\000f\000o\000\137\000p\000t\000r\000\137\000t\000\040\000S\000t\000r\000u\000c\000t\000\040\000R\000e\000f\000e\000r\000e\000n\000c\000e}{chapter.9}% 310
\BOOKMARK [2][-]{subsection.9.41.1}{\376\377\0009\000.\0004\0001\000.\0001\000\040\000D\000e\000t\000a\000i\000l\000e\000d\000\040\000D\000e\000s\000c\000r\000i\000p\000t\000i\000o\000n}{section.9.41}% 311
\BOOKMARK [1][-]{section.9.42}{\376\377\0009\000.\0004\0002\000\040\000f\000s\000b\000l\000\137\000b\000s\000i\000n\000f\000o\000\137\000t\000\040\000U\000n\000i\000o\000n\000\040\000R\000e\000f\000e\000r\000e\000n\000c\000e}{chapter.9}% 312
\BOOKMARK [2][-]{subsection.9.42.1}{\376\377\0009\000.\0004\0002\000.\0001\000\040\000D\000e\000t\000a\000i\000l\000e\000d\000\040\000D\000e\000s\000c\000r\000i\000p\000t\000i\000o\000n}{section.9.42}% 313
\BOOKMARK [1][-]{section.9.43}{\376\377\0009\000.\0004\0003\000\040\000F\000u\000n\000c\000O\000r\000d\000e\000r\000i\000n\000g\000V\000a\000l\000u\000e\000\040\000S\000t\000r\000u\000c\000t\000\040\000R\000e\000f\000e\000r\000e\000n\000c\000e}{chapter.9}% 314
\BOOKMARK [1][-]{section.9.44}{\376\377\0009\000.\0004\0004\000\040\000G\000r\000o\000u\000p\000T\000e\000s\000t\000\040\000S\000t\000r\000u\000c\000t\000\040\000R\000e\000f\000e\000r\000e\000n\000c\000e}{chapter.9}% 315
\BOOKMARK [1][-]{section.9.45}{\376\377\0009\000.\0004\0005\000\040\000h\000w\000\137\000u\000n\000i\000q\000u\000e\000i\000n\000f\000o\000\137\000t\000\040\000S\000t\000r\000u\000c\000t\000\040\000R\000e\000f\000e\000r\000e\000n\000c\000e}{chapter.9}% 316
\BOOKMARK [2][-]{subsection.9.45.1}{\376\377\0009\000.\0004\0005\000.\0001\000\040\000D\000e\000t\000a\000i\000l\000e\000d\000\040\000D\000e\000s\000c\000r\000i\000p\000t\000i\000o\000n}{section.9.45}% 317
\BOOKMARK [1][-]{section.9.46}{\376\377\0009\000.\0004\0006\000\040\000k\000d\000f\000\137\000t\000\040\000S\000t\000r\000u\000c\000t\000\040\000R\000e\000f\000e\000r\000e\000n\000c\000e}{chapter.9}% 318
\BOOKMARK [2][-]{subsection.9.46.1}{\376\377\0009\000.\0004\0006\000.\0001\000\040\000D\000e\000t\000a\000i\000l\000e\000d\000\040\000D\000e\000s\000c\000r\000i\000p\000t\000i\000o\000n}{section.9.46}% 319
\BOOKMARK [1][-]{section.9.47}{\376\377\0009\000.\0004\0007\000\040\000L\000i\000s\000t\000N\000o\000d\000e\000\040\000S\000t\000r\000u\000c\000t\000\040\000R\000e\000f\000e\000r\000e\000n\000c\000e}{chapter.9}% 320
\BOOKMARK [1][-]{section.9.48}{\376\377\0009\000.\0004\0008\000\040\000M\000a\000l\000l\000o\000c\000B\000l\000o\000c\000k\000I\000n\000f\000o\000\040\000U\000n\000i\000o\000n\000\040\000R\000e\000f\000e\000r\000e\000n\000c\000e}{chapter.9}% 321
\BOOKMARK [1][-]{section.9.49}{\376\377\0009\000.\0004\0009\000\040\000M\000a\000l\000l\000o\000c\000B\000l\000o\000c\000k\000I\000n\000f\000o\000D\000a\000t\000a\000\040\000S\000t\000r\000u\000c\000t\000\040\000R\000e\000f\000e\000r\000e\000n\000c\000e}{chapter.9}% 322
\BOOKMARK [1][-]{section.9.50}{\376\377\0009\000.\0005\0000\000\040\000m\000i\000g\000\137\000k\000e\000y\000\137\000t\000\040\000S\000t\000r\000u\000c\000t\000\040\000R\000e\000f\000e\000r\000e\000n\000c\000e}{chapter.9}% 323
\BOOKMARK [2][-]{subsection.9.50.1}{\376\377\0009\000.\0005\0000\000.\0001\000\040\000D\000e\000t\000a\000i\000l\000e\000d\000\040\000D\000e\000s\000c\000r\000i\000p\000t\000i\000o\000n}{section.9.50}% 324
\BOOKMARK [1][-]{section.9.51}{\376\377\0009\000.\0005\0001\000\040\000N\000V\000M\000E\000\137\000C\000O\000N\000T\000R\000O\000L\000L\000E\000R\000\137\000D\000A\000T\000A\000\040\000S\000t\000r\000u\000c\000t\000\040\000R\000e\000f\000e\000r\000e\000n\000c\000e}{chapter.9}% 325
\BOOKMARK [1][-]{section.9.52}{\376\377\0009\000.\0005\0002\000\040\000r\000a\000w\000p\000r\000t\000\137\000h\000d\000r\000\137\000t\000\040\000S\000t\000r\000u\000c\000t\000\040\000R\000e\000f\000e\000r\000e\000n\000c\000e}{chapter.9}% 326
\BOOKMARK [2][-]{subsection.9.52.1}{\376\377\0009\000.\0005\0002\000.\0001\000\040\000D\000e\000t\000a\000i\000l\000e\000d\000\040\000D\000e\000s\000c\000r\000i\000p\000t\000i\000o\000n}{section.9.52}% 327
\BOOKMARK [1][-]{section.9.53}{\376\377\0009\000.\0005\0003\000\040\000s\000b\000\137\000r\000c\000v\000\137\000p\000r\000o\000c\000\137\000t\000\040\000S\000t\000r\000u\000c\000t\000\040\000R\000e\000f\000e\000r\000e\000n\000c\000e}{chapter.9}% 328
\BOOKMARK [2][-]{subsection.9.53.1}{\376\377\0009\000.\0005\0003\000.\0001\000\040\000D\000e\000t\000a\000i\000l\000e\000d\000\040\000D\000e\000s\000c\000r\000i\000p\000t\000i\000o\000n}{section.9.53}% 329
\BOOKMARK [1][-]{section.9.54}{\376\377\0009\000.\0005\0004\000\040\000S\000B\000C\000\137\000A\000E\000S\000C\000B\000C\000C\000t\000x\000\040\000S\000t\000r\000u\000c\000t\000\040\000R\000e\000f\000e\000r\000e\000n\000c\000e}{chapter.9}% 330
\BOOKMARK [2][-]{subsection.9.54.1}{\376\377\0009\000.\0005\0004\000.\0001\000\040\000D\000e\000t\000a\000i\000l\000e\000d\000\040\000D\000e\000s\000c\000r\000i\000p\000t\000i\000o\000n}{section.9.54}% 331
\BOOKMARK [1][-]{section.9.55}{\376\377\0009\000.\0005\0005\000\040\000S\000B\000C\000\137\000A\000E\000S\000C\000o\000n\000t\000e\000x\000t\000\040\000S\000t\000r\000u\000c\000t\000\040\000R\000e\000f\000e\000r\000e\000n\000c\000e}{chapter.9}% 332
\BOOKMARK [2][-]{subsection.9.55.1}{\376\377\0009\000.\0005\0005\000.\0001\000\040\000D\000e\000t\000a\000i\000l\000e\000d\000\040\000D\000e\000s\000c\000r\000i\000p\000t\000i\000o\000n}{section.9.55}% 333
\BOOKMARK [1][-]{section.9.56}{\376\377\0009\000.\0005\0006\000\040\000S\000B\000C\000\137\000A\000E\000S\000G\000c\000m\000C\000t\000x\000\040\000S\000t\000r\000u\000c\000t\000\040\000R\000e\000f\000e\000r\000e\000n\000c\000e}{chapter.9}% 334
\BOOKMARK [2][-]{subsection.9.56.1}{\376\377\0009\000.\0005\0006\000.\0001\000\040\000D\000e\000t\000a\000i\000l\000e\000d\000\040\000D\000e\000s\000c\000r\000i\000p\000t\000i\000o\000n}{section.9.56}% 335
\BOOKMARK [1][-]{section.9.57}{\376\377\0009\000.\0005\0007\000\040\000S\000B\000C\000\137\000C\000i\000p\000h\000e\000r\000T\000L\000V\000\040\000S\000t\000r\000u\000c\000t\000\040\000R\000e\000f\000e\000r\000e\000n\000c\000e}{chapter.9}% 336
\BOOKMARK [2][-]{subsection.9.57.1}{\376\377\0009\000.\0005\0007\000.\0001\000\040\000D\000e\000t\000a\000i\000l\000e\000d\000\040\000D\000e\000s\000c\000r\000i\000p\000t\000i\000o\000n}{section.9.57}% 337
\BOOKMARK [2][-]{subsection.9.57.2}{\376\377\0009\000.\0005\0007\000.\0002\000\040\000F\000i\000e\000l\000d\000\040\000D\000o\000c\000u\000m\000e\000n\000t\000a\000t\000i\000o\000n}{section.9.57}% 338
\BOOKMARK [3][-]{subsubsection.9.57.2.1}{\376\377\0009\000.\0005\0007\000.\0002\000.\0001\000\040\000l\000e\000n\000g\000t\000h}{subsection.9.57.2}% 339
\BOOKMARK [3][-]{subsubsection.9.57.2.2}{\376\377\0009\000.\0005\0007\000.\0002\000.\0002\000\040\000t\000a\000g}{subsection.9.57.2}% 340
\BOOKMARK [3][-]{subsubsection.9.57.2.3}{\376\377\0009\000.\0005\0007\000.\0002\000.\0003\000\040\000v\000a\000l\000u\000e}{subsection.9.57.2}% 341
\BOOKMARK [1][-]{section.9.58}{\376\377\0009\000.\0005\0008\000\040\000s\000b\000c\000\137\000r\000p\000t\000n\000\137\000h\000e\000a\000d\000e\000r\000\137\000t\000\040\000U\000n\000i\000o\000n\000\040\000R\000e\000f\000e\000r\000e\000n\000c\000e}{chapter.9}% 342
\BOOKMARK [2][-]{subsection.9.58.1}{\376\377\0009\000.\0005\0008\000.\0001\000\040\000D\000e\000t\000a\000i\000l\000e\000d\000\040\000D\000e\000s\000c\000r\000i\000p\000t\000i\000o\000n}{section.9.58}% 343
\BOOKMARK [1][-]{section.9.59}{\376\377\0009\000.\0005\0009\000\040\000S\000B\000C\000A\000E\000S\000T\000e\000s\000t\000V\000e\000c\000t\000o\000r\000M\000s\000g\000\137\000t\000\040\000S\000t\000r\000u\000c\000t\000\040\000R\000e\000f\000e\000r\000e\000n\000c\000e}{chapter.9}% 344
\BOOKMARK [1][-]{section.9.60}{\376\377\0009\000.\0006\0000\000\040\000S\000B\000C\000E\000c\000c\000C\000t\000x\000\040\000S\000t\000r\000u\000c\000t\000\040\000R\000e\000f\000e\000r\000e\000n\000c\000e}{chapter.9}% 345
\BOOKMARK [2][-]{subsection.9.60.1}{\376\377\0009\000.\0006\0000\000.\0001\000\040\000D\000e\000t\000a\000i\000l\000e\000d\000\040\000D\000e\000s\000c\000r\000i\000p\000t\000i\000o\000n}{section.9.60}% 346
\BOOKMARK [1][-]{section.9.61}{\376\377\0009\000.\0006\0001\000\040\000S\000B\000C\000H\000a\000s\000h\000T\000e\000s\000t\000V\000e\000c\000t\000o\000r\000M\000s\000g\000\137\000t\000\040\000S\000t\000r\000u\000c\000t\000\040\000R\000e\000f\000e\000r\000e\000n\000c\000e}{chapter.9}% 347
\BOOKMARK [1][-]{section.9.62}{\376\377\0009\000.\0006\0002\000\040\000S\000o\000u\000r\000c\000e\000L\000o\000c\000a\000t\000i\000o\000n\000\040\000S\000t\000r\000u\000c\000t\000\040\000R\000e\000f\000e\000r\000e\000n\000c\000e}{chapter.9}% 348
\BOOKMARK [1][-]{section.9.63}{\376\377\0009\000.\0006\0003\000\040\000s\000w\000\137\000n\000o\000d\000e\000\137\000t\000\040\000S\000t\000r\000u\000c\000t\000\040\000R\000e\000f\000e\000r\000e\000n\000c\000e}{chapter.9}% 349
\BOOKMARK [2][-]{subsection.9.63.1}{\376\377\0009\000.\0006\0003\000.\0001\000\040\000D\000e\000t\000a\000i\000l\000e\000d\000\040\000D\000e\000s\000c\000r\000i\000p\000t\000i\000o\000n}{section.9.63}% 350
\BOOKMARK [2][-]{subsection.9.63.2}{\376\377\0009\000.\0006\0003\000.\0002\000\040\000F\000i\000e\000l\000d\000\040\000D\000o\000c\000u\000m\000e\000n\000t\000a\000t\000i\000o\000n}{section.9.63}% 351
\BOOKMARK [3][-]{subsubsection.9.63.2.1}{\376\377\0009\000.\0006\0003\000.\0002\000.\0001\000\040\000p\000o\000s}{subsection.9.63.2}% 352
\BOOKMARK [3][-]{subsubsection.9.63.2.2}{\376\377\0009\000.\0006\0003\000.\0002\000.\0002\000\040\000r\000e\000s\000e\000r\000v\000e\000d}{subsection.9.63.2}% 353
\BOOKMARK [3][-]{subsubsection.9.63.2.3}{\376\377\0009\000.\0006\0003\000.\0002\000.\0003\000\040\000s\000t\000a\000t\000u\000s}{subsection.9.63.2}% 354
\BOOKMARK [3][-]{subsubsection.9.63.2.4}{\376\377\0009\000.\0006\0003\000.\0002\000.\0004\000\040\000s\000w\0000}{subsection.9.63.2}% 355
\BOOKMARK [3][-]{subsubsection.9.63.2.5}{\376\377\0009\000.\0006\0003\000.\0002\000.\0005\000\040\000s\000w\0000\000\137\000o\000f\000f}{subsection.9.63.2}% 356
\BOOKMARK [3][-]{subsubsection.9.63.2.6}{\376\377\0009\000.\0006\0003\000.\0002\000.\0006\000\040\000s\000w\0001}{subsection.9.63.2}% 357
\BOOKMARK [3][-]{subsubsection.9.63.2.7}{\376\377\0009\000.\0006\0003\000.\0002\000.\0007\000\040\000s\000w\0001\000\137\000o\000f\000f}{subsection.9.63.2}% 358
\BOOKMARK [1][-]{section.9.64}{\376\377\0009\000.\0006\0004\000\040\000s\000w\000\137\000p\000a\000t\000h\000\137\000t\000\040\000S\000t\000r\000u\000c\000t\000\040\000R\000e\000f\000e\000r\000e\000n\000c\000e}{chapter.9}% 359
\BOOKMARK [2][-]{subsection.9.64.1}{\376\377\0009\000.\0006\0004\000.\0001\000\040\000D\000e\000t\000a\000i\000l\000e\000d\000\040\000D\000e\000s\000c\000r\000i\000p\000t\000i\000o\000n}{section.9.64}% 360
\BOOKMARK [2][-]{subsection.9.64.2}{\376\377\0009\000.\0006\0004\000.\0002\000\040\000F\000i\000e\000l\000d\000\040\000D\000o\000c\000u\000m\000e\000n\000t\000a\000t\000i\000o\000n}{section.9.64}% 361
\BOOKMARK [3][-]{subsubsection.9.64.2.1}{\376\377\0009\000.\0006\0004\000.\0002\000.\0001\000\040\000n\000a\000m\000e}{subsection.9.64.2}% 362
\BOOKMARK [3][-]{subsubsection.9.64.2.2}{\376\377\0009\000.\0006\0004\000.\0002\000.\0002\000\040\000s\000w\000\137\000n\000o\000d\000e\000\137\000o\000f\000f}{subsection.9.64.2}% 363
\BOOKMARK [3][-]{subsubsection.9.64.2.3}{\376\377\0009\000.\0006\0004\000.\0002\000.\0003\000\040\000v\000e\000r}{subsection.9.64.2}% 364
\BOOKMARK [1][-]{section.9.65}{\376\377\0009\000.\0006\0005\000\040\000S\000y\000m\000b\000o\000l\000M\000a\000p\000V\000a\000l\000u\000e\000\040\000S\000t\000r\000u\000c\000t\000\040\000R\000e\000f\000e\000r\000e\000n\000c\000e}{chapter.9}% 365
\BOOKMARK [1][-]{section.9.66}{\376\377\0009\000.\0006\0006\000\040\000S\000y\000m\000b\000o\000l\000V\000a\000l\000u\000e\000\040\000S\000t\000r\000u\000c\000t\000\040\000R\000e\000f\000e\000r\000e\000n\000c\000e}{chapter.9}% 366
\BOOKMARK [1][-]{section.9.67}{\376\377\0009\000.\0006\0007\000\040\000T\000e\000s\000t\000S\000t\000a\000t\000e\000\040\000S\000t\000r\000u\000c\000t\000\040\000R\000e\000f\000e\000r\000e\000n\000c\000e}{chapter.9}% 367
\BOOKMARK [1][-]{section.9.68}{\376\377\0009\000.\0006\0008\000\040\000U\000n\000i\000t\000T\000e\000s\000t\000\040\000S\000t\000r\000u\000c\000t\000\040\000R\000e\000f\000e\000r\000e\000n\000c\000e}{chapter.9}% 368
\BOOKMARK [0][-]{chapter.10}{\376\377\0001\0000\000\040\000F\000i\000l\000e\000\040\000D\000o\000c\000u\000m\000e\000n\000t\000a\000t\000i\000o\000n}{}% 369
\BOOKMARK [1][-]{section.10.1}{\376\377\0001\0000\000.\0001\000\040\000A\000p\000p\000l\000i\000c\000a\000t\000i\000o\000n\000/\000F\000S\000B\000L\000/\000F\000S\000B\000L\000.\000c\000\040\000F\000i\000l\000e\000\040\000R\000e\000f\000e\000r\000e\000n\000c\000e}{chapter.10}% 370
